<!doctype html public "-//w3c//dtd html 4.0 transitional//en">
<html><head>
<title>Static Call Graph - [..\OBJ\sim800c-mqtt.axf]</title></head>
<body><HR>
<H1>Static Call Graph for image ..\OBJ\sim800c-mqtt.axf</H1><HR>
<BR><P>#&#060CALLGRAPH&#062# ARM Linker, 5060750: Last Updated: Wed Mar 04 10:39:29 2020
<BR><P>
<H3>Maximum Stack Usage =       4392 bytes + Unknown(Functions without stacksize, Cycles, Untraceable Function Pointers)</H3><H3>
Call chain for Maximum Stack Depth:</H3>
send_beat_func &rArr; mqtt_send_beat &rArr; mqtt_publish &rArr; mqtt_send_msg &rArr; sim900a_send_raw &rArr; sim900a_cmd_with_reply &rArr; __2printf &rArr; _printf_char_file &rArr; _printf_char_common &rArr; __printf
<P>
<H3>
Functions with no stack information
</H3><UL>
 <LI><a href="#[18d]">__user_initial_stackheap</a>
</UL>
</UL>
<P>
<H3>
Mutually Recursive functions
</H3> <LI><a href="#[15]">SysTick_Handler</a>&nbsp;&nbsp;&nbsp;&rArr;&nbsp;&nbsp;&nbsp;<a href="#[15]">SysTick_Handler</a><BR>
 <LI><a href="#[28]">ADC1_2_IRQHandler</a>&nbsp;&nbsp;&nbsp;&rArr;&nbsp;&nbsp;&nbsp;<a href="#[28]">ADC1_2_IRQHandler</a><BR>
 <LI><a href="#[ec]">parse_array</a>&nbsp;&nbsp;&nbsp;&rArr;&nbsp;&nbsp;&nbsp;<a href="#[ea]">parse_value</a><BR>
 <LI><a href="#[e9]">parse_pair</a>&nbsp;&nbsp;&nbsp;&rArr;&nbsp;&nbsp;&nbsp;<a href="#[ea]">parse_value</a><BR>
</UL>
<P>
<H3>
Function Pointers
</H3><UL>
 <LI><a href="#[28]">ADC1_2_IRQHandler</a> from startup_stm32f10x_md.o(.text) referenced from startup_stm32f10x_md.o(RESET)
 <LI><a href="#[10]">BusFault_Handler</a> from stm32f10x_it.o(.text) referenced from startup_stm32f10x_md.o(RESET)
 <LI><a href="#[2b]">CAN1_RX1_IRQHandler</a> from startup_stm32f10x_md.o(.text) referenced from startup_stm32f10x_md.o(RESET)
 <LI><a href="#[2c]">CAN1_SCE_IRQHandler</a> from startup_stm32f10x_md.o(.text) referenced from startup_stm32f10x_md.o(RESET)
 <LI><a href="#[21]">DMA1_Channel1_IRQHandler</a> from startup_stm32f10x_md.o(.text) referenced from startup_stm32f10x_md.o(RESET)
 <LI><a href="#[22]">DMA1_Channel2_IRQHandler</a> from startup_stm32f10x_md.o(.text) referenced from startup_stm32f10x_md.o(RESET)
 <LI><a href="#[23]">DMA1_Channel3_IRQHandler</a> from startup_stm32f10x_md.o(.text) referenced from startup_stm32f10x_md.o(RESET)
 <LI><a href="#[24]">DMA1_Channel4_IRQHandler</a> from startup_stm32f10x_md.o(.text) referenced from startup_stm32f10x_md.o(RESET)
 <LI><a href="#[25]">DMA1_Channel5_IRQHandler</a> from startup_stm32f10x_md.o(.text) referenced from startup_stm32f10x_md.o(RESET)
 <LI><a href="#[26]">DMA1_Channel6_IRQHandler</a> from startup_stm32f10x_md.o(.text) referenced from startup_stm32f10x_md.o(RESET)
 <LI><a href="#[27]">DMA1_Channel7_IRQHandler</a> from startup_stm32f10x_md.o(.text) referenced from startup_stm32f10x_md.o(RESET)
 <LI><a href="#[13]">DebugMon_Handler</a> from stm32f10x_it.o(.text) referenced from startup_stm32f10x_md.o(RESET)
 <LI><a href="#[1c]">EXTI0_IRQHandler</a> from startup_stm32f10x_md.o(.text) referenced from startup_stm32f10x_md.o(RESET)
 <LI><a href="#[3e]">EXTI15_10_IRQHandler</a> from startup_stm32f10x_md.o(.text) referenced from startup_stm32f10x_md.o(RESET)
 <LI><a href="#[1d]">EXTI1_IRQHandler</a> from startup_stm32f10x_md.o(.text) referenced from startup_stm32f10x_md.o(RESET)
 <LI><a href="#[1e]">EXTI2_IRQHandler</a> from startup_stm32f10x_md.o(.text) referenced from startup_stm32f10x_md.o(RESET)
 <LI><a href="#[1f]">EXTI3_IRQHandler</a> from startup_stm32f10x_md.o(.text) referenced from startup_stm32f10x_md.o(RESET)
 <LI><a href="#[20]">EXTI4_IRQHandler</a> from startup_stm32f10x_md.o(.text) referenced from startup_stm32f10x_md.o(RESET)
 <LI><a href="#[2d]">EXTI9_5_IRQHandler</a> from startup_stm32f10x_md.o(.text) referenced from startup_stm32f10x_md.o(RESET)
 <LI><a href="#[1a]">FLASH_IRQHandler</a> from startup_stm32f10x_md.o(.text) referenced from startup_stm32f10x_md.o(RESET)
 <LI><a href="#[e]">HardFault_Handler</a> from stm32f10x_it.o(.text) referenced from startup_stm32f10x_md.o(RESET)
 <LI><a href="#[36]">I2C1_ER_IRQHandler</a> from startup_stm32f10x_md.o(.text) referenced from startup_stm32f10x_md.o(RESET)
 <LI><a href="#[35]">I2C1_EV_IRQHandler</a> from startup_stm32f10x_md.o(.text) referenced from startup_stm32f10x_md.o(RESET)
 <LI><a href="#[38]">I2C2_ER_IRQHandler</a> from startup_stm32f10x_md.o(.text) referenced from startup_stm32f10x_md.o(RESET)
 <LI><a href="#[37]">I2C2_EV_IRQHandler</a> from startup_stm32f10x_md.o(.text) referenced from startup_stm32f10x_md.o(RESET)
 <LI><a href="#[f]">MemManage_Handler</a> from stm32f10x_it.o(.text) referenced from startup_stm32f10x_md.o(RESET)
 <LI><a href="#[d]">NMI_Handler</a> from stm32f10x_it.o(.text) referenced from startup_stm32f10x_md.o(RESET)
 <LI><a href="#[17]">PVD_IRQHandler</a> from startup_stm32f10x_md.o(.text) referenced from startup_stm32f10x_md.o(RESET)
 <LI><a href="#[14]">PendSV_Handler</a> from stm32f10x_it.o(.text) referenced from startup_stm32f10x_md.o(RESET)
 <LI><a href="#[1b]">RCC_IRQHandler</a> from startup_stm32f10x_md.o(.text) referenced from startup_stm32f10x_md.o(RESET)
 <LI><a href="#[3f]">RTCAlarm_IRQHandler</a> from startup_stm32f10x_md.o(.text) referenced from startup_stm32f10x_md.o(RESET)
 <LI><a href="#[19]">RTC_IRQHandler</a> from startup_stm32f10x_md.o(.text) referenced from startup_stm32f10x_md.o(RESET)
 <LI><a href="#[c]">Reset_Handler</a> from startup_stm32f10x_md.o(.text) referenced from startup_stm32f10x_md.o(RESET)
 <LI><a href="#[39]">SPI1_IRQHandler</a> from startup_stm32f10x_md.o(.text) referenced from startup_stm32f10x_md.o(RESET)
 <LI><a href="#[3a]">SPI2_IRQHandler</a> from startup_stm32f10x_md.o(.text) referenced from startup_stm32f10x_md.o(RESET)
 <LI><a href="#[12]">SVC_Handler</a> from stm32f10x_it.o(.text) referenced from startup_stm32f10x_md.o(RESET)
 <LI><a href="#[15]">SysTick_Handler</a> from startup_stm32f10x_md.o(.text) referenced from startup_stm32f10x_md.o(RESET)
 <LI><a href="#[46]">SystemInit</a> from system_stm32f10x.o(.text) referenced from startup_stm32f10x_md.o(.text)
 <LI><a href="#[18]">TAMPER_IRQHandler</a> from startup_stm32f10x_md.o(.text) referenced from startup_stm32f10x_md.o(RESET)
 <LI><a href="#[2e]">TIM1_BRK_IRQHandler</a> from startup_stm32f10x_md.o(.text) referenced from startup_stm32f10x_md.o(RESET)
 <LI><a href="#[31]">TIM1_CC_IRQHandler</a> from startup_stm32f10x_md.o(.text) referenced from startup_stm32f10x_md.o(RESET)
 <LI><a href="#[30]">TIM1_TRG_COM_IRQHandler</a> from startup_stm32f10x_md.o(.text) referenced from startup_stm32f10x_md.o(RESET)
 <LI><a href="#[2f]">TIM1_UP_IRQHandler</a> from startup_stm32f10x_md.o(.text) referenced from startup_stm32f10x_md.o(RESET)
 <LI><a href="#[32]">TIM2_IRQHandler</a> from startup_stm32f10x_md.o(.text) referenced from startup_stm32f10x_md.o(RESET)
 <LI><a href="#[33]">TIM3_IRQHandler</a> from timer.o(.text) referenced from startup_stm32f10x_md.o(RESET)
 <LI><a href="#[34]">TIM4_IRQHandler</a> from startup_stm32f10x_md.o(.text) referenced from startup_stm32f10x_md.o(RESET)
 <LI><a href="#[3b]">USART1_IRQHandler</a> from usart.o(.text) referenced from startup_stm32f10x_md.o(RESET)
 <LI><a href="#[3c]">USART2_IRQHandler</a> from startup_stm32f10x_md.o(.text) referenced from startup_stm32f10x_md.o(RESET)
 <LI><a href="#[3d]">USART3_IRQHandler</a> from usart.o(.text) referenced from startup_stm32f10x_md.o(RESET)
 <LI><a href="#[40]">USBWakeUp_IRQHandler</a> from startup_stm32f10x_md.o(.text) referenced from startup_stm32f10x_md.o(RESET)
 <LI><a href="#[29]">USB_HP_CAN1_TX_IRQHandler</a> from startup_stm32f10x_md.o(.text) referenced from startup_stm32f10x_md.o(RESET)
 <LI><a href="#[2a]">USB_LP_CAN1_RX0_IRQHandler</a> from startup_stm32f10x_md.o(.text) referenced from startup_stm32f10x_md.o(RESET)
 <LI><a href="#[11]">UsageFault_Handler</a> from stm32f10x_it.o(.text) referenced from startup_stm32f10x_md.o(RESET)
 <LI><a href="#[16]">WWDG_IRQHandler</a> from startup_stm32f10x_md.o(.text) referenced from startup_stm32f10x_md.o(RESET)
 <LI><a href="#[51]">__main</a> from __main.o(!!!main) referenced from startup_stm32f10x_md.o(.text)
 <LI><a href="#[48]">_get_lc_ctype</a> from lc_ctype_c.o(locale$$code) referenced from rt_ctype_table.o(.text)
 <LI><a href="#[4d]">_printf_input_char</a> from _printf_char_common.o(.text) referenced from _printf_char_common.o(.text)
 <LI><a href="#[4c]">_sbackspace</a> from _sgetc.o(.text) referenced 2 times from sscanf.o(.text)
 <LI><a href="#[4f]">_scanf_char_input</a> from scanf_char.o(.text) referenced from scanf_char.o(.text)
 <LI><a href="#[4b]">_sgetc</a> from _sgetc.o(.text) referenced 2 times from sscanf.o(.text)
 <LI><a href="#[49]">_snputc</a> from _snputc.o(.text) referenced 2 times from vsnprintf.o(.text)
 <LI><a href="#[4a]">_sputc</a> from _sputc.o(.text) referenced from __2sprintf.o(.text)
 <LI><a href="#[123]">bufchar</a> from mqttpacket.o(.text) referenced from mqttpacket.o(.text)
 <LI><a href="#[4e]">fputc</a> from usart.o(.text) referenced from _printf_char_file.o(.text)
 <LI><a href="#[50]">isspace</a> from isspace.o(.text) referenced from scanf_char.o(.text)
 <LI><a href="#[41]">json_scanf_array_elem_cb</a> from frozen.o(.text) referenced from frozen.o(.text)
 <LI><a href="#[42]">json_scanf_cb</a> from frozen.o(.text) referenced from frozen.o(.text)
 <LI><a href="#[43]">json_vsetf_cb</a> from frozen.o(.text) referenced from frozen.o(.text)
 <LI><a href="#[45]">next_cb</a> from frozen.o(.text) referenced from frozen.o(.text)
 <LI><a href="#[44]">prettify_cb</a> from frozen.o(.text) referenced from frozen.o(.text)
 <LI><a href="#[9]">read_tcp_func</a> from timer_task.o(.text) referenced 2 times from timer_task.o(.data)
 <LI><a href="#[a]">send_beat_func</a> from timer_task.o(.text) referenced 2 times from timer_task.o(.data)
 <LI><a href="#[b]">set_relay_func</a> from timer_task.o(.text) referenced 2 times from timer_task.o(.data)
</UL>
<P>
<H3>
Global Symbols
</H3>
<P><STRONG><a name="[51]"></a>__main</STRONG> (Thumb, 8 bytes, Stack size 0 bytes, __main.o(!!!main))
<BR><BR>[Calls]<UL><LI><a href="#[53]">&gt;&gt;</a>&nbsp;&nbsp;&nbsp;__rt_entry
<LI><a href="#[52]">&gt;&gt;</a>&nbsp;&nbsp;&nbsp;__scatterload
</UL>

<P><STRONG><a name="[52]"></a>__scatterload</STRONG> (Thumb, 0 bytes, Stack size unknown bytes, __scatter.o(!!!scatter))
<BR><BR>[Called By]<UL><LI><a href="#[51]">&gt;&gt;</a>&nbsp;&nbsp;&nbsp;__main
</UL>

<P><STRONG><a name="[54]"></a>__scatterload_rt2</STRONG> (Thumb, 44 bytes, Stack size unknown bytes, __scatter.o(!!!scatter), UNUSED)
<BR><BR>[Calls]<UL><LI><a href="#[53]">&gt;&gt;</a>&nbsp;&nbsp;&nbsp;__rt_entry
</UL>

<P><STRONG><a name="[1af]"></a>__scatterload_rt2_thumb_only</STRONG> (Thumb, 0 bytes, Stack size unknown bytes, __scatter.o(!!!scatter), UNUSED)

<P><STRONG><a name="[1b0]"></a>__scatterload_null</STRONG> (Thumb, 0 bytes, Stack size unknown bytes, __scatter.o(!!!scatter), UNUSED)

<P><STRONG><a name="[1b1]"></a>__decompress</STRONG> (Thumb, 90 bytes, Stack size unknown bytes, __dczerorl2.o(!!dczerorl2), UNUSED)

<P><STRONG><a name="[1b2]"></a>__decompress1</STRONG> (Thumb, 0 bytes, Stack size unknown bytes, __dczerorl2.o(!!dczerorl2), UNUSED)

<P><STRONG><a name="[1b3]"></a>__scatterload_zeroinit</STRONG> (Thumb, 28 bytes, Stack size unknown bytes, __scatter_zi.o(!!handler_zi), UNUSED)

<P><STRONG><a name="[55]"></a>_printf_n</STRONG> (Thumb, 0 bytes, Stack size unknown bytes, _printf_n.o(.ARM.Collect$$_printf_percent$$00000001))
<BR><BR>[Calls]<UL><LI><a href="#[56]">&gt;&gt;</a>&nbsp;&nbsp;&nbsp;_printf_charcount
</UL>

<P><STRONG><a name="[15a]"></a>_printf_percent</STRONG> (Thumb, 0 bytes, Stack size unknown bytes, _printf_percent.o(.ARM.Collect$$_printf_percent$$00000000))
<BR><BR>[Called By]<UL><LI><a href="#[158]">&gt;&gt;</a>&nbsp;&nbsp;&nbsp;__printf
</UL>

<P><STRONG><a name="[57]"></a>_printf_p</STRONG> (Thumb, 0 bytes, Stack size unknown bytes, _printf_p.o(.ARM.Collect$$_printf_percent$$00000002))
<BR><BR>[Stack]<UL><LI>Max Depth = 64 + Unknown Stack Size
<LI>Call Chain = _printf_p &rArr; _printf_hex_ptr &rArr; _printf_longlong_hex &rArr; _printf_int_common &rArr; _printf_post_padding
</UL>
<BR>[Calls]<UL><LI><a href="#[58]">&gt;&gt;</a>&nbsp;&nbsp;&nbsp;_printf_hex_ptr
</UL>

<P><STRONG><a name="[59]"></a>_printf_f</STRONG> (Thumb, 0 bytes, Stack size unknown bytes, _printf_f.o(.ARM.Collect$$_printf_percent$$00000003))
<BR><BR>[Stack]<UL><LI>Max Depth = 324 + Unknown Stack Size
<LI>Call Chain = _printf_f &rArr; _printf_fp_dec &rArr; _printf_fp_dec_real &rArr; _fp_digits &rArr; _btod_etento &rArr; _btod_emul &rArr; _e2e
</UL>
<BR>[Calls]<UL><LI><a href="#[5a]">&gt;&gt;</a>&nbsp;&nbsp;&nbsp;_printf_fp_dec
</UL>

<P><STRONG><a name="[5b]"></a>_printf_e</STRONG> (Thumb, 0 bytes, Stack size unknown bytes, _printf_e.o(.ARM.Collect$$_printf_percent$$00000004))
<BR><BR>[Stack]<UL><LI>Max Depth = 324 + Unknown Stack Size
<LI>Call Chain = _printf_e &rArr; _printf_fp_dec &rArr; _printf_fp_dec_real &rArr; _fp_digits &rArr; _btod_etento &rArr; _btod_emul &rArr; _e2e
</UL>
<BR>[Calls]<UL><LI><a href="#[5a]">&gt;&gt;</a>&nbsp;&nbsp;&nbsp;_printf_fp_dec
</UL>

<P><STRONG><a name="[5c]"></a>_printf_g</STRONG> (Thumb, 0 bytes, Stack size unknown bytes, _printf_g.o(.ARM.Collect$$_printf_percent$$00000005))
<BR><BR>[Stack]<UL><LI>Max Depth = 324 + Unknown Stack Size
<LI>Call Chain = _printf_g &rArr; _printf_fp_dec &rArr; _printf_fp_dec_real &rArr; _fp_digits &rArr; _btod_etento &rArr; _btod_emul &rArr; _e2e
</UL>
<BR>[Calls]<UL><LI><a href="#[5a]">&gt;&gt;</a>&nbsp;&nbsp;&nbsp;_printf_fp_dec
</UL>

<P><STRONG><a name="[5d]"></a>_printf_a</STRONG> (Thumb, 0 bytes, Stack size unknown bytes, _printf_a.o(.ARM.Collect$$_printf_percent$$00000006))
<BR><BR>[Stack]<UL><LI>Max Depth = 112 + Unknown Stack Size
<LI>Call Chain = _printf_a &rArr; _printf_fp_hex &rArr; _printf_fp_hex_real &rArr; _printf_fp_infnan &rArr; _printf_post_padding
</UL>
<BR>[Calls]<UL><LI><a href="#[5e]">&gt;&gt;</a>&nbsp;&nbsp;&nbsp;_printf_fp_hex
</UL>

<P><STRONG><a name="[1b4]"></a>_printf_ll</STRONG> (Thumb, 0 bytes, Stack size unknown bytes, _printf_ll.o(.ARM.Collect$$_printf_percent$$00000007))

<P><STRONG><a name="[5f]"></a>_printf_i</STRONG> (Thumb, 0 bytes, Stack size unknown bytes, _printf_i.o(.ARM.Collect$$_printf_percent$$00000008))
<BR><BR>[Stack]<UL><LI>Max Depth = 72 + Unknown Stack Size
<LI>Call Chain = _printf_i &rArr; _printf_int_dec &rArr; _printf_int_common &rArr; _printf_post_padding
</UL>
<BR>[Calls]<UL><LI><a href="#[60]">&gt;&gt;</a>&nbsp;&nbsp;&nbsp;_printf_int_dec
</UL>

<P><STRONG><a name="[61]"></a>_printf_d</STRONG> (Thumb, 0 bytes, Stack size unknown bytes, _printf_d.o(.ARM.Collect$$_printf_percent$$00000009))
<BR><BR>[Stack]<UL><LI>Max Depth = 72 + Unknown Stack Size
<LI>Call Chain = _printf_d &rArr; _printf_int_dec &rArr; _printf_int_common &rArr; _printf_post_padding
</UL>
<BR>[Calls]<UL><LI><a href="#[60]">&gt;&gt;</a>&nbsp;&nbsp;&nbsp;_printf_int_dec
</UL>

<P><STRONG><a name="[62]"></a>_printf_u</STRONG> (Thumb, 0 bytes, Stack size unknown bytes, _printf_u.o(.ARM.Collect$$_printf_percent$$0000000A))
<BR><BR>[Stack]<UL><LI>Max Depth = 72 + Unknown Stack Size
<LI>Call Chain = _printf_u &rArr; _printf_int_dec &rArr; _printf_int_common &rArr; _printf_post_padding
</UL>
<BR>[Calls]<UL><LI><a href="#[60]">&gt;&gt;</a>&nbsp;&nbsp;&nbsp;_printf_int_dec
</UL>

<P><STRONG><a name="[63]"></a>_printf_o</STRONG> (Thumb, 0 bytes, Stack size unknown bytes, _printf_o.o(.ARM.Collect$$_printf_percent$$0000000B))
<BR><BR>[Stack]<UL><LI>Max Depth = 64 + Unknown Stack Size
<LI>Call Chain = _printf_o &rArr; _printf_int_oct &rArr; _printf_longlong_oct &rArr; _printf_int_common &rArr; _printf_post_padding
</UL>
<BR>[Calls]<UL><LI><a href="#[64]">&gt;&gt;</a>&nbsp;&nbsp;&nbsp;_printf_int_oct
</UL>

<P><STRONG><a name="[65]"></a>_printf_x</STRONG> (Thumb, 0 bytes, Stack size unknown bytes, _printf_x.o(.ARM.Collect$$_printf_percent$$0000000C))
<BR><BR>[Stack]<UL><LI>Max Depth = 80 + Unknown Stack Size
<LI>Call Chain = _printf_x &rArr; _printf_int_hex &rArr; _printf_longlong_hex &rArr; _printf_int_common &rArr; _printf_post_padding
</UL>
<BR>[Calls]<UL><LI><a href="#[66]">&gt;&gt;</a>&nbsp;&nbsp;&nbsp;_printf_int_hex
</UL>

<P><STRONG><a name="[67]"></a>_printf_lli</STRONG> (Thumb, 0 bytes, Stack size unknown bytes, _printf_lli.o(.ARM.Collect$$_printf_percent$$0000000D))
<BR><BR>[Stack]<UL><LI>Max Depth = 72 + Unknown Stack Size
<LI>Call Chain = _printf_lli &rArr; _printf_longlong_dec &rArr; _printf_int_common &rArr; _printf_post_padding
</UL>
<BR>[Calls]<UL><LI><a href="#[68]">&gt;&gt;</a>&nbsp;&nbsp;&nbsp;_printf_longlong_dec
</UL>

<P><STRONG><a name="[69]"></a>_printf_lld</STRONG> (Thumb, 0 bytes, Stack size unknown bytes, _printf_lld.o(.ARM.Collect$$_printf_percent$$0000000E))
<BR><BR>[Stack]<UL><LI>Max Depth = 72 + Unknown Stack Size
<LI>Call Chain = _printf_lld &rArr; _printf_longlong_dec &rArr; _printf_int_common &rArr; _printf_post_padding
</UL>
<BR>[Calls]<UL><LI><a href="#[68]">&gt;&gt;</a>&nbsp;&nbsp;&nbsp;_printf_longlong_dec
</UL>

<P><STRONG><a name="[6a]"></a>_printf_llu</STRONG> (Thumb, 0 bytes, Stack size unknown bytes, _printf_llu.o(.ARM.Collect$$_printf_percent$$0000000F))
<BR><BR>[Stack]<UL><LI>Max Depth = 72 + Unknown Stack Size
<LI>Call Chain = _printf_llu &rArr; _printf_longlong_dec &rArr; _printf_int_common &rArr; _printf_post_padding
</UL>
<BR>[Calls]<UL><LI><a href="#[68]">&gt;&gt;</a>&nbsp;&nbsp;&nbsp;_printf_longlong_dec
</UL>

<P><STRONG><a name="[6b]"></a>_printf_llo</STRONG> (Thumb, 0 bytes, Stack size unknown bytes, _printf_llo.o(.ARM.Collect$$_printf_percent$$00000010))
<BR><BR>[Stack]<UL><LI>Max Depth = 56 + Unknown Stack Size
<LI>Call Chain = _printf_llo &rArr; _printf_ll_oct &rArr; _printf_longlong_oct &rArr; _printf_int_common &rArr; _printf_post_padding
</UL>
<BR>[Calls]<UL><LI><a href="#[6c]">&gt;&gt;</a>&nbsp;&nbsp;&nbsp;_printf_ll_oct
</UL>

<P><STRONG><a name="[6d]"></a>_printf_llx</STRONG> (Thumb, 0 bytes, Stack size unknown bytes, _printf_llx.o(.ARM.Collect$$_printf_percent$$00000011))
<BR><BR>[Stack]<UL><LI>Max Depth = 64 + Unknown Stack Size
<LI>Call Chain = _printf_llx &rArr; _printf_ll_hex &rArr; _printf_longlong_hex &rArr; _printf_int_common &rArr; _printf_post_padding
</UL>
<BR>[Calls]<UL><LI><a href="#[6e]">&gt;&gt;</a>&nbsp;&nbsp;&nbsp;_printf_ll_hex
</UL>

<P><STRONG><a name="[1b5]"></a>_printf_l</STRONG> (Thumb, 0 bytes, Stack size unknown bytes, _printf_l.o(.ARM.Collect$$_printf_percent$$00000012))

<P><STRONG><a name="[6f]"></a>_printf_c</STRONG> (Thumb, 0 bytes, Stack size unknown bytes, _printf_c.o(.ARM.Collect$$_printf_percent$$00000013))
<BR><BR>[Stack]<UL><LI>Max Depth = 40 + Unknown Stack Size
<LI>Call Chain = _printf_c &rArr; _printf_char &rArr; _printf_cs_common &rArr; _printf_str &rArr; _printf_post_padding
</UL>
<BR>[Calls]<UL><LI><a href="#[70]">&gt;&gt;</a>&nbsp;&nbsp;&nbsp;_printf_char
</UL>

<P><STRONG><a name="[71]"></a>_printf_s</STRONG> (Thumb, 0 bytes, Stack size unknown bytes, _printf_s.o(.ARM.Collect$$_printf_percent$$00000014))
<BR><BR>[Stack]<UL><LI>Max Depth = 40 + Unknown Stack Size
<LI>Call Chain = _printf_s &rArr; _printf_string &rArr; _printf_cs_common &rArr; _printf_str &rArr; _printf_post_padding
</UL>
<BR>[Calls]<UL><LI><a href="#[72]">&gt;&gt;</a>&nbsp;&nbsp;&nbsp;_printf_string
</UL>

<P><STRONG><a name="[73]"></a>_printf_lc</STRONG> (Thumb, 0 bytes, Stack size unknown bytes, _printf_lc.o(.ARM.Collect$$_printf_percent$$00000015))
<BR><BR>[Stack]<UL><LI>Max Depth = 88 + Unknown Stack Size
<LI>Call Chain = _printf_lc &rArr; _printf_wchar &rArr; _printf_lcs_common &rArr; _printf_wctomb &rArr; _wcrtomb &rArr; __rt_ctype_table
</UL>
<BR>[Calls]<UL><LI><a href="#[74]">&gt;&gt;</a>&nbsp;&nbsp;&nbsp;_printf_wchar
</UL>

<P><STRONG><a name="[75]"></a>_printf_ls</STRONG> (Thumb, 0 bytes, Stack size unknown bytes, _printf_ls.o(.ARM.Collect$$_printf_percent$$00000016))
<BR><BR>[Stack]<UL><LI>Max Depth = 88 + Unknown Stack Size
<LI>Call Chain = _printf_ls &rArr; _printf_wstring &rArr; _printf_lcs_common &rArr; _printf_wctomb &rArr; _wcrtomb &rArr; __rt_ctype_table
</UL>
<BR>[Calls]<UL><LI><a href="#[76]">&gt;&gt;</a>&nbsp;&nbsp;&nbsp;_printf_wstring
</UL>

<P><STRONG><a name="[1b6]"></a>_printf_percent_end</STRONG> (Thumb, 0 bytes, Stack size unknown bytes, _printf_percent_end.o(.ARM.Collect$$_printf_percent$$00000017))

<P><STRONG><a name="[81]"></a>__rt_lib_init</STRONG> (Thumb, 0 bytes, Stack size unknown bytes, libinit.o(.ARM.Collect$$libinit$$00000000))
<BR><BR>[Called By]<UL><LI><a href="#[80]">&gt;&gt;</a>&nbsp;&nbsp;&nbsp;__rt_entry_li
</UL>

<P><STRONG><a name="[1b7]"></a>__rt_lib_init_fp_1</STRONG> (Thumb, 0 bytes, Stack size unknown bytes, libinit2.o(.ARM.Collect$$libinit$$00000002))

<P><STRONG><a name="[77]"></a>__rt_lib_init_heap_2</STRONG> (Thumb, 0 bytes, Stack size unknown bytes, libinit2.o(.ARM.Collect$$libinit$$00000005))
<BR><BR>[Stack]<UL><LI>Max Depth = 64 + Unknown Stack Size
<LI>Call Chain = __rt_lib_init_heap_2 &rArr; _init_alloc &rArr; __rt_SIGRTMEM &rArr; __rt_SIGRTMEM_inner &rArr; __default_signal_display &rArr; _ttywrch
</UL>
<BR>[Calls]<UL><LI><a href="#[78]">&gt;&gt;</a>&nbsp;&nbsp;&nbsp;_init_alloc
</UL>

<P><STRONG><a name="[1b8]"></a>__rt_lib_init_preinit_1</STRONG> (Thumb, 0 bytes, Stack size unknown bytes, libinit2.o(.ARM.Collect$$libinit$$00000004))

<P><STRONG><a name="[1b9]"></a>__rt_lib_init_heap_1</STRONG> (Thumb, 0 bytes, Stack size unknown bytes, libinit2.o(.ARM.Collect$$libinit$$0000000A))

<P><STRONG><a name="[79]"></a>__rt_lib_init_lc_common</STRONG> (Thumb, 0 bytes, Stack size unknown bytes, libinit2.o(.ARM.Collect$$libinit$$0000000F))
<BR><BR>[Calls]<UL><LI><a href="#[7a]">&gt;&gt;</a>&nbsp;&nbsp;&nbsp;__rt_locale
</UL>

<P><STRONG><a name="[1ba]"></a>__rt_lib_init_rand_1</STRONG> (Thumb, 0 bytes, Stack size unknown bytes, libinit2.o(.ARM.Collect$$libinit$$0000000E))

<P><STRONG><a name="[1bb]"></a>__rt_lib_init_user_alloc_1</STRONG> (Thumb, 0 bytes, Stack size unknown bytes, libinit2.o(.ARM.Collect$$libinit$$0000000C))

<P><STRONG><a name="[1bc]"></a>__rt_lib_init_lc_collate_1</STRONG> (Thumb, 0 bytes, Stack size unknown bytes, libinit2.o(.ARM.Collect$$libinit$$00000011))

<P><STRONG><a name="[7b]"></a>__rt_lib_init_lc_ctype_2</STRONG> (Thumb, 0 bytes, Stack size unknown bytes, libinit2.o(.ARM.Collect$$libinit$$00000012))
<BR><BR>[Stack]<UL><LI>Max Depth = 8 + Unknown Stack Size
<LI>Call Chain = __rt_lib_init_lc_ctype_2 &rArr; _get_lc_ctype
</UL>
<BR>[Calls]<UL><LI><a href="#[48]">&gt;&gt;</a>&nbsp;&nbsp;&nbsp;_get_lc_ctype
</UL>

<P><STRONG><a name="[1bd]"></a>__rt_lib_init_lc_ctype_1</STRONG> (Thumb, 0 bytes, Stack size unknown bytes, libinit2.o(.ARM.Collect$$libinit$$00000013))

<P><STRONG><a name="[1be]"></a>__rt_lib_init_lc_monetary_1</STRONG> (Thumb, 0 bytes, Stack size unknown bytes, libinit2.o(.ARM.Collect$$libinit$$00000015))

<P><STRONG><a name="[7c]"></a>__rt_lib_init_lc_numeric_2</STRONG> (Thumb, 0 bytes, Stack size unknown bytes, libinit2.o(.ARM.Collect$$libinit$$00000016))
<BR><BR>[Stack]<UL><LI>Max Depth = 8 + Unknown Stack Size
<LI>Call Chain = __rt_lib_init_lc_numeric_2 &rArr; _get_lc_numeric
</UL>
<BR>[Calls]<UL><LI><a href="#[7d]">&gt;&gt;</a>&nbsp;&nbsp;&nbsp;_get_lc_numeric
</UL>

<P><STRONG><a name="[1bf]"></a>__rt_lib_init_alloca_1</STRONG> (Thumb, 0 bytes, Stack size unknown bytes, libinit2.o(.ARM.Collect$$libinit$$0000002E))

<P><STRONG><a name="[1c0]"></a>__rt_lib_init_argv_1</STRONG> (Thumb, 0 bytes, Stack size unknown bytes, libinit2.o(.ARM.Collect$$libinit$$0000002C))

<P><STRONG><a name="[1c1]"></a>__rt_lib_init_atexit_1</STRONG> (Thumb, 0 bytes, Stack size unknown bytes, libinit2.o(.ARM.Collect$$libinit$$0000001B))

<P><STRONG><a name="[1c2]"></a>__rt_lib_init_clock_1</STRONG> (Thumb, 0 bytes, Stack size unknown bytes, libinit2.o(.ARM.Collect$$libinit$$00000021))

<P><STRONG><a name="[1c3]"></a>__rt_lib_init_cpp_1</STRONG> (Thumb, 0 bytes, Stack size unknown bytes, libinit2.o(.ARM.Collect$$libinit$$00000032))

<P><STRONG><a name="[1c4]"></a>__rt_lib_init_exceptions_1</STRONG> (Thumb, 0 bytes, Stack size unknown bytes, libinit2.o(.ARM.Collect$$libinit$$00000030))

<P><STRONG><a name="[1c5]"></a>__rt_lib_init_fp_trap_1</STRONG> (Thumb, 0 bytes, Stack size unknown bytes, libinit2.o(.ARM.Collect$$libinit$$0000001F))

<P><STRONG><a name="[1c6]"></a>__rt_lib_init_getenv_1</STRONG> (Thumb, 0 bytes, Stack size unknown bytes, libinit2.o(.ARM.Collect$$libinit$$00000023))

<P><STRONG><a name="[1c7]"></a>__rt_lib_init_lc_numeric_1</STRONG> (Thumb, 0 bytes, Stack size unknown bytes, libinit2.o(.ARM.Collect$$libinit$$00000017))

<P><STRONG><a name="[1c8]"></a>__rt_lib_init_lc_time_1</STRONG> (Thumb, 0 bytes, Stack size unknown bytes, libinit2.o(.ARM.Collect$$libinit$$00000019))

<P><STRONG><a name="[1c9]"></a>__rt_lib_init_return</STRONG> (Thumb, 0 bytes, Stack size unknown bytes, libinit2.o(.ARM.Collect$$libinit$$00000033))

<P><STRONG><a name="[1ca]"></a>__rt_lib_init_signal_1</STRONG> (Thumb, 0 bytes, Stack size unknown bytes, libinit2.o(.ARM.Collect$$libinit$$0000001D))

<P><STRONG><a name="[1cb]"></a>__rt_lib_init_stdio_1</STRONG> (Thumb, 0 bytes, Stack size unknown bytes, libinit2.o(.ARM.Collect$$libinit$$00000025))

<P><STRONG><a name="[86]"></a>__rt_lib_shutdown</STRONG> (Thumb, 0 bytes, Stack size unknown bytes, libshutdown.o(.ARM.Collect$$libshutdown$$00000000))
<BR><BR>[Called By]<UL><LI><a href="#[103]">&gt;&gt;</a>&nbsp;&nbsp;&nbsp;abort
<LI><a href="#[85]">&gt;&gt;</a>&nbsp;&nbsp;&nbsp;__rt_exit_ls
</UL>

<P><STRONG><a name="[1cc]"></a>__rt_lib_shutdown_cpp_1</STRONG> (Thumb, 0 bytes, Stack size unknown bytes, libshutdown2.o(.ARM.Collect$$libshutdown$$00000002))

<P><STRONG><a name="[1cd]"></a>__rt_lib_shutdown_fp_trap_1</STRONG> (Thumb, 0 bytes, Stack size unknown bytes, libshutdown2.o(.ARM.Collect$$libshutdown$$00000007))

<P><STRONG><a name="[1ce]"></a>__rt_lib_shutdown_heap_1</STRONG> (Thumb, 0 bytes, Stack size unknown bytes, libshutdown2.o(.ARM.Collect$$libshutdown$$0000000F))

<P><STRONG><a name="[1cf]"></a>__rt_lib_shutdown_return</STRONG> (Thumb, 0 bytes, Stack size unknown bytes, libshutdown2.o(.ARM.Collect$$libshutdown$$00000010))

<P><STRONG><a name="[1d0]"></a>__rt_lib_shutdown_signal_1</STRONG> (Thumb, 0 bytes, Stack size unknown bytes, libshutdown2.o(.ARM.Collect$$libshutdown$$0000000A))

<P><STRONG><a name="[1d1]"></a>__rt_lib_shutdown_stdio_1</STRONG> (Thumb, 0 bytes, Stack size unknown bytes, libshutdown2.o(.ARM.Collect$$libshutdown$$00000004))

<P><STRONG><a name="[1d2]"></a>__rt_lib_shutdown_user_alloc_1</STRONG> (Thumb, 0 bytes, Stack size unknown bytes, libshutdown2.o(.ARM.Collect$$libshutdown$$0000000C))

<P><STRONG><a name="[53]"></a>__rt_entry</STRONG> (Thumb, 0 bytes, Stack size unknown bytes, __rtentry.o(.ARM.Collect$$rtentry$$00000000))
<BR><BR>[Called By]<UL><LI><a href="#[51]">&gt;&gt;</a>&nbsp;&nbsp;&nbsp;__main
<LI><a href="#[54]">&gt;&gt;</a>&nbsp;&nbsp;&nbsp;__scatterload_rt2
</UL>

<P><STRONG><a name="[1d3]"></a>__rt_entry_presh_1</STRONG> (Thumb, 0 bytes, Stack size unknown bytes, __rtentry2.o(.ARM.Collect$$rtentry$$00000002))

<P><STRONG><a name="[7e]"></a>__rt_entry_sh</STRONG> (Thumb, 0 bytes, Stack size unknown bytes, __rtentry4.o(.ARM.Collect$$rtentry$$00000004))
<BR><BR>[Stack]<UL><LI>Max Depth = 8 + Unknown Stack Size
<LI>Call Chain = __rt_entry_sh &rArr; __user_setup_stackheap
</UL>
<BR>[Calls]<UL><LI><a href="#[7f]">&gt;&gt;</a>&nbsp;&nbsp;&nbsp;__user_setup_stackheap
</UL>

<P><STRONG><a name="[80]"></a>__rt_entry_li</STRONG> (Thumb, 0 bytes, Stack size unknown bytes, __rtentry2.o(.ARM.Collect$$rtentry$$0000000A))
<BR><BR>[Calls]<UL><LI><a href="#[81]">&gt;&gt;</a>&nbsp;&nbsp;&nbsp;__rt_lib_init
</UL>

<P><STRONG><a name="[1d4]"></a>__rt_entry_postsh_1</STRONG> (Thumb, 0 bytes, Stack size unknown bytes, __rtentry2.o(.ARM.Collect$$rtentry$$00000009))

<P><STRONG><a name="[82]"></a>__rt_entry_main</STRONG> (Thumb, 0 bytes, Stack size unknown bytes, __rtentry2.o(.ARM.Collect$$rtentry$$0000000D))
<BR><BR>[Stack]<UL><LI>Max Depth = 4392 + Unknown Stack Size
<LI>Call Chain = __rt_entry_main &rArr; main &rArr; mqtt_send_beat &rArr; mqtt_publish &rArr; mqtt_send_msg &rArr; sim900a_send_raw &rArr; sim900a_cmd_with_reply &rArr; __2printf &rArr; _printf_char_file &rArr; _printf_char_common &rArr; __printf
</UL>
<BR>[Calls]<UL><LI><a href="#[83]">&gt;&gt;</a>&nbsp;&nbsp;&nbsp;main
<LI><a href="#[84]">&gt;&gt;</a>&nbsp;&nbsp;&nbsp;exit
</UL>

<P><STRONG><a name="[1d5]"></a>__rt_entry_postli_1</STRONG> (Thumb, 0 bytes, Stack size unknown bytes, __rtentry2.o(.ARM.Collect$$rtentry$$0000000C))

<P><STRONG><a name="[18e]"></a>__rt_exit</STRONG> (Thumb, 0 bytes, Stack size unknown bytes, rtexit.o(.ARM.Collect$$rtexit$$00000000))
<BR><BR>[Called By]<UL><LI><a href="#[84]">&gt;&gt;</a>&nbsp;&nbsp;&nbsp;exit
</UL>

<P><STRONG><a name="[85]"></a>__rt_exit_ls</STRONG> (Thumb, 0 bytes, Stack size unknown bytes, rtexit2.o(.ARM.Collect$$rtexit$$00000003))
<BR><BR>[Calls]<UL><LI><a href="#[86]">&gt;&gt;</a>&nbsp;&nbsp;&nbsp;__rt_lib_shutdown
</UL>

<P><STRONG><a name="[1d6]"></a>__rt_exit_prels_1</STRONG> (Thumb, 0 bytes, Stack size unknown bytes, rtexit2.o(.ARM.Collect$$rtexit$$00000002))

<P><STRONG><a name="[87]"></a>__rt_exit_exit</STRONG> (Thumb, 0 bytes, Stack size unknown bytes, rtexit2.o(.ARM.Collect$$rtexit$$00000004))
<BR><BR>[Calls]<UL><LI><a href="#[88]">&gt;&gt;</a>&nbsp;&nbsp;&nbsp;_sys_exit
</UL>

<P><STRONG><a name="[1d7]"></a>_maybe_terminate_alloc</STRONG> (Thumb, 0 bytes, Stack size 8 bytes, maybetermalloc1.o(.emb_text), UNUSED)

<P><STRONG><a name="[83]"></a>main</STRONG> (Thumb, 210 bytes, Stack size 8 bytes, main.o(.text))
<BR><BR>[Stack]<UL><LI>Max Depth = 4392 + Unknown Stack Size
<LI>Call Chain = main &rArr; mqtt_send_beat &rArr; mqtt_publish &rArr; mqtt_send_msg &rArr; sim900a_send_raw &rArr; sim900a_cmd_with_reply &rArr; __2printf &rArr; _printf_char_file &rArr; _printf_char_common &rArr; __printf
</UL>
<BR>[Calls]<UL><LI><a href="#[99]">&gt;&gt;</a>&nbsp;&nbsp;&nbsp;user_task_loop
<LI><a href="#[8c]">&gt;&gt;</a>&nbsp;&nbsp;&nbsp;usart3_init
<LI><a href="#[8b]">&gt;&gt;</a>&nbsp;&nbsp;&nbsp;usart1_init
<LI><a href="#[8d]">&gt;&gt;</a>&nbsp;&nbsp;&nbsp;timer3_init
<LI><a href="#[91]">&gt;&gt;</a>&nbsp;&nbsp;&nbsp;sim900a_user_config
<LI><a href="#[8e]">&gt;&gt;</a>&nbsp;&nbsp;&nbsp;sim900a_gpio_init
<LI><a href="#[92]">&gt;&gt;</a>&nbsp;&nbsp;&nbsp;sim900a_get_imei
<LI><a href="#[97]">&gt;&gt;</a>&nbsp;&nbsp;&nbsp;sim900a_cmd_with_reply
<LI><a href="#[90]">&gt;&gt;</a>&nbsp;&nbsp;&nbsp;relay_on
<LI><a href="#[8f]">&gt;&gt;</a>&nbsp;&nbsp;&nbsp;relay_init
<LI><a href="#[95]">&gt;&gt;</a>&nbsp;&nbsp;&nbsp;mqtt_subscribe
<LI><a href="#[98]">&gt;&gt;</a>&nbsp;&nbsp;&nbsp;mqtt_send_beat
<LI><a href="#[94]">&gt;&gt;</a>&nbsp;&nbsp;&nbsp;mqtt_connection_init
<LI><a href="#[96]">&gt;&gt;</a>&nbsp;&nbsp;&nbsp;delay_ms
<LI><a href="#[8a]">&gt;&gt;</a>&nbsp;&nbsp;&nbsp;delay_init
<LI><a href="#[46]">&gt;&gt;</a>&nbsp;&nbsp;&nbsp;SystemInit
<LI><a href="#[89]">&gt;&gt;</a>&nbsp;&nbsp;&nbsp;NVIC_PriorityGroupConfig
<LI><a href="#[93]">&gt;&gt;</a>&nbsp;&nbsp;&nbsp;__2printf
</UL>
<BR>[Called By]<UL><LI><a href="#[82]">&gt;&gt;</a>&nbsp;&nbsp;&nbsp;__rt_entry_main
</UL>

<P><STRONG><a name="[d]"></a>NMI_Handler</STRONG> (Thumb, 2 bytes, Stack size 0 bytes, stm32f10x_it.o(.text))
<BR>[Address Reference Count : 1]<UL><LI> startup_stm32f10x_md.o(RESET)
</UL>
<P><STRONG><a name="[e]"></a>HardFault_Handler</STRONG> (Thumb, 4 bytes, Stack size 0 bytes, stm32f10x_it.o(.text))
<BR>[Address Reference Count : 1]<UL><LI> startup_stm32f10x_md.o(RESET)
</UL>
<P><STRONG><a name="[f]"></a>MemManage_Handler</STRONG> (Thumb, 4 bytes, Stack size 0 bytes, stm32f10x_it.o(.text))
<BR>[Address Reference Count : 1]<UL><LI> startup_stm32f10x_md.o(RESET)
</UL>
<P><STRONG><a name="[10]"></a>BusFault_Handler</STRONG> (Thumb, 4 bytes, Stack size 0 bytes, stm32f10x_it.o(.text))
<BR>[Address Reference Count : 1]<UL><LI> startup_stm32f10x_md.o(RESET)
</UL>
<P><STRONG><a name="[11]"></a>UsageFault_Handler</STRONG> (Thumb, 4 bytes, Stack size 0 bytes, stm32f10x_it.o(.text))
<BR>[Address Reference Count : 1]<UL><LI> startup_stm32f10x_md.o(RESET)
</UL>
<P><STRONG><a name="[12]"></a>SVC_Handler</STRONG> (Thumb, 2 bytes, Stack size 0 bytes, stm32f10x_it.o(.text))
<BR>[Address Reference Count : 1]<UL><LI> startup_stm32f10x_md.o(RESET)
</UL>
<P><STRONG><a name="[13]"></a>DebugMon_Handler</STRONG> (Thumb, 2 bytes, Stack size 0 bytes, stm32f10x_it.o(.text))
<BR>[Address Reference Count : 1]<UL><LI> startup_stm32f10x_md.o(RESET)
</UL>
<P><STRONG><a name="[14]"></a>PendSV_Handler</STRONG> (Thumb, 2 bytes, Stack size 0 bytes, stm32f10x_it.o(.text))
<BR>[Address Reference Count : 1]<UL><LI> startup_stm32f10x_md.o(RESET)
</UL>
<P><STRONG><a name="[46]"></a>SystemInit</STRONG> (Thumb, 78 bytes, Stack size 8 bytes, system_stm32f10x.o(.text))
<BR><BR>[Stack]<UL><LI>Max Depth = 28<LI>Call Chain = SystemInit &rArr; SetSysClock &rArr; SetSysClockTo72
</UL>
<BR>[Calls]<UL><LI><a href="#[9a]">&gt;&gt;</a>&nbsp;&nbsp;&nbsp;SetSysClock
</UL>
<BR>[Called By]<UL><LI><a href="#[83]">&gt;&gt;</a>&nbsp;&nbsp;&nbsp;main
</UL>
<BR>[Address Reference Count : 1]<UL><LI> startup_stm32f10x_md.o(.text)
</UL>
<P><STRONG><a name="[1d8]"></a>SystemCoreClockUpdate</STRONG> (Thumb, 142 bytes, Stack size 8 bytes, system_stm32f10x.o(.text), UNUSED)

<P><STRONG><a name="[8e]"></a>sim900a_gpio_init</STRONG> (Thumb, 46 bytes, Stack size 8 bytes, sim900a.o(.text))
<BR><BR>[Stack]<UL><LI>Max Depth = 32<LI>Call Chain = sim900a_gpio_init &rArr; GPIO_Init
</UL>
<BR>[Calls]<UL><LI><a href="#[9c]">&gt;&gt;</a>&nbsp;&nbsp;&nbsp;RCC_APB2PeriphClockCmd
<LI><a href="#[9e]">&gt;&gt;</a>&nbsp;&nbsp;&nbsp;GPIO_ResetBits
<LI><a href="#[9d]">&gt;&gt;</a>&nbsp;&nbsp;&nbsp;GPIO_Init
</UL>
<BR>[Called By]<UL><LI><a href="#[83]">&gt;&gt;</a>&nbsp;&nbsp;&nbsp;main
</UL>

<P><STRONG><a name="[97]"></a>sim900a_cmd_with_reply</STRONG> (Thumb, 172 bytes, Stack size 24 bytes, sim900a.o(.text))
<BR><BR>[Stack]<UL><LI>Max Depth = 168 + Unknown Stack Size
<LI>Call Chain = sim900a_cmd_with_reply &rArr; __2printf &rArr; _printf_char_file &rArr; _printf_char_common &rArr; __printf
</UL>
<BR>[Calls]<UL><LI><a href="#[a1]">&gt;&gt;</a>&nbsp;&nbsp;&nbsp;usart_printf
<LI><a href="#[a0]">&gt;&gt;</a>&nbsp;&nbsp;&nbsp;USART_SendData
<LI><a href="#[96]">&gt;&gt;</a>&nbsp;&nbsp;&nbsp;delay_ms
<LI><a href="#[9f]">&gt;&gt;</a>&nbsp;&nbsp;&nbsp;__aeabi_memclr4
<LI><a href="#[a2]">&gt;&gt;</a>&nbsp;&nbsp;&nbsp;strstr
<LI><a href="#[93]">&gt;&gt;</a>&nbsp;&nbsp;&nbsp;__2printf
</UL>
<BR>[Called By]<UL><LI><a href="#[b6]">&gt;&gt;</a>&nbsp;&nbsp;&nbsp;sim900a_read_tcp
<LI><a href="#[b5]">&gt;&gt;</a>&nbsp;&nbsp;&nbsp;sim900a_http_read
<LI><a href="#[b4]">&gt;&gt;</a>&nbsp;&nbsp;&nbsp;sim900a_http_post
<LI><a href="#[b3]">&gt;&gt;</a>&nbsp;&nbsp;&nbsp;sim900a_http_get
<LI><a href="#[b2]">&gt;&gt;</a>&nbsp;&nbsp;&nbsp;sim900a_http_param_set
<LI><a href="#[b0]">&gt;&gt;</a>&nbsp;&nbsp;&nbsp;sim900a_http_session_set
<LI><a href="#[af]">&gt;&gt;</a>&nbsp;&nbsp;&nbsp;sim900a_http_init
<LI><a href="#[ad]">&gt;&gt;</a>&nbsp;&nbsp;&nbsp;sim900a_send_raw
<LI><a href="#[ab]">&gt;&gt;</a>&nbsp;&nbsp;&nbsp;sim900a_net_send
<LI><a href="#[a9]">&gt;&gt;</a>&nbsp;&nbsp;&nbsp;sim900a_tcpudp_connect
<LI><a href="#[a8]">&gt;&gt;</a>&nbsp;&nbsp;&nbsp;sim900a_close_net
<LI><a href="#[a7]">&gt;&gt;</a>&nbsp;&nbsp;&nbsp;sim900a_net_init
<LI><a href="#[a3]">&gt;&gt;</a>&nbsp;&nbsp;&nbsp;sim900a_check_status
<LI><a href="#[91]">&gt;&gt;</a>&nbsp;&nbsp;&nbsp;sim900a_user_config
<LI><a href="#[92]">&gt;&gt;</a>&nbsp;&nbsp;&nbsp;sim900a_get_imei
<LI><a href="#[83]">&gt;&gt;</a>&nbsp;&nbsp;&nbsp;main
</UL>

<P><STRONG><a name="[a3]"></a>sim900a_check_status</STRONG> (Thumb, 42 bytes, Stack size 8 bytes, sim900a.o(.text))
<BR><BR>[Stack]<UL><LI>Max Depth = 176 + Unknown Stack Size
<LI>Call Chain = sim900a_check_status &rArr; sim900a_cmd_with_reply &rArr; __2printf &rArr; _printf_char_file &rArr; _printf_char_common &rArr; __printf
</UL>
<BR>[Calls]<UL><LI><a href="#[97]">&gt;&gt;</a>&nbsp;&nbsp;&nbsp;sim900a_cmd_with_reply
<LI><a href="#[96]">&gt;&gt;</a>&nbsp;&nbsp;&nbsp;delay_ms
</UL>
<BR>[Called By]<UL><LI><a href="#[a4]">&gt;&gt;</a>&nbsp;&nbsp;&nbsp;sim900a_poweron
</UL>

<P><STRONG><a name="[a4]"></a>sim900a_poweron</STRONG> (Thumb, 70 bytes, Stack size 8 bytes, sim900a.o(.text))
<BR><BR>[Stack]<UL><LI>Max Depth = 184 + Unknown Stack Size
<LI>Call Chain = sim900a_poweron &rArr; sim900a_check_status &rArr; sim900a_cmd_with_reply &rArr; __2printf &rArr; _printf_char_file &rArr; _printf_char_common &rArr; __printf
</UL>
<BR>[Calls]<UL><LI><a href="#[a5]">&gt;&gt;</a>&nbsp;&nbsp;&nbsp;GPIO_SetBits
<LI><a href="#[9e]">&gt;&gt;</a>&nbsp;&nbsp;&nbsp;GPIO_ResetBits
<LI><a href="#[a3]">&gt;&gt;</a>&nbsp;&nbsp;&nbsp;sim900a_check_status
<LI><a href="#[96]">&gt;&gt;</a>&nbsp;&nbsp;&nbsp;delay_ms
<LI><a href="#[93]">&gt;&gt;</a>&nbsp;&nbsp;&nbsp;__2printf
</UL>
<BR>[Called By]<UL><LI><a href="#[91]">&gt;&gt;</a>&nbsp;&nbsp;&nbsp;sim900a_user_config
</UL>

<P><STRONG><a name="[92]"></a>sim900a_get_imei</STRONG> (Thumb, 46 bytes, Stack size 8 bytes, sim900a.o(.text))
<BR><BR>[Stack]<UL><LI>Max Depth = 516 + Unknown Stack Size
<LI>Call Chain = sim900a_get_imei &rArr; __0sscanf &rArr; __vfscanf_char &rArr; __vfscanf &rArr; _scanf_real &rArr; _scanf_really_real &rArr; _fp_value &rArr; _btod_etento &rArr; _btod_emul &rArr; _e2e
</UL>
<BR>[Calls]<UL><LI><a href="#[97]">&gt;&gt;</a>&nbsp;&nbsp;&nbsp;sim900a_cmd_with_reply
<LI><a href="#[9f]">&gt;&gt;</a>&nbsp;&nbsp;&nbsp;__aeabi_memclr4
<LI><a href="#[a6]">&gt;&gt;</a>&nbsp;&nbsp;&nbsp;__0sscanf
</UL>
<BR>[Called By]<UL><LI><a href="#[83]">&gt;&gt;</a>&nbsp;&nbsp;&nbsp;main
</UL>

<P><STRONG><a name="[a7]"></a>sim900a_net_init</STRONG> (Thumb, 28 bytes, Stack size 8 bytes, sim900a.o(.text))
<BR><BR>[Stack]<UL><LI>Max Depth = 176 + Unknown Stack Size
<LI>Call Chain = sim900a_net_init &rArr; sim900a_cmd_with_reply &rArr; __2printf &rArr; _printf_char_file &rArr; _printf_char_common &rArr; __printf
</UL>
<BR>[Calls]<UL><LI><a href="#[97]">&gt;&gt;</a>&nbsp;&nbsp;&nbsp;sim900a_cmd_with_reply
</UL>
<BR>[Called By]<UL><LI><a href="#[91]">&gt;&gt;</a>&nbsp;&nbsp;&nbsp;sim900a_user_config
</UL>

<P><STRONG><a name="[a8]"></a>sim900a_close_net</STRONG> (Thumb, 40 bytes, Stack size 8 bytes, sim900a.o(.text), UNUSED)
<BR><BR>[Calls]<UL><LI><a href="#[97]">&gt;&gt;</a>&nbsp;&nbsp;&nbsp;sim900a_cmd_with_reply
</UL>

<P><STRONG><a name="[a9]"></a>sim900a_tcpudp_connect</STRONG> (Thumb, 92 bytes, Stack size 280 bytes, sim900a.o(.text))
<BR><BR>[Stack]<UL><LI>Max Depth = 448 + Unknown Stack Size
<LI>Call Chain = sim900a_tcpudp_connect &rArr; sim900a_cmd_with_reply &rArr; __2printf &rArr; _printf_char_file &rArr; _printf_char_common &rArr; __printf
</UL>
<BR>[Calls]<UL><LI><a href="#[97]">&gt;&gt;</a>&nbsp;&nbsp;&nbsp;sim900a_cmd_with_reply
<LI><a href="#[9f]">&gt;&gt;</a>&nbsp;&nbsp;&nbsp;__aeabi_memclr4
<LI><a href="#[aa]">&gt;&gt;</a>&nbsp;&nbsp;&nbsp;__2snprintf
</UL>
<BR>[Called By]<UL><LI><a href="#[b7]">&gt;&gt;</a>&nbsp;&nbsp;&nbsp;connect_update_server
</UL>

<P><STRONG><a name="[ab]"></a>sim900a_net_send</STRONG> (Thumb, 102 bytes, Stack size 8 bytes, sim900a.o(.text), UNUSED)
<BR><BR>[Calls]<UL><LI><a href="#[a1]">&gt;&gt;</a>&nbsp;&nbsp;&nbsp;usart_printf
<LI><a href="#[ac]">&gt;&gt;</a>&nbsp;&nbsp;&nbsp;delay_us
<LI><a href="#[97]">&gt;&gt;</a>&nbsp;&nbsp;&nbsp;sim900a_cmd_with_reply
<LI><a href="#[93]">&gt;&gt;</a>&nbsp;&nbsp;&nbsp;__2printf
</UL>

<P><STRONG><a name="[ad]"></a>sim900a_send_raw</STRONG> (Thumb, 104 bytes, Stack size 16 bytes, sim900a.o(.text))
<BR><BR>[Stack]<UL><LI>Max Depth = 184 + Unknown Stack Size
<LI>Call Chain = sim900a_send_raw &rArr; sim900a_cmd_with_reply &rArr; __2printf &rArr; _printf_char_file &rArr; _printf_char_common &rArr; __printf
</UL>
<BR>[Calls]<UL><LI><a href="#[ae]">&gt;&gt;</a>&nbsp;&nbsp;&nbsp;usart_dump
<LI><a href="#[ac]">&gt;&gt;</a>&nbsp;&nbsp;&nbsp;delay_us
<LI><a href="#[97]">&gt;&gt;</a>&nbsp;&nbsp;&nbsp;sim900a_cmd_with_reply
<LI><a href="#[93]">&gt;&gt;</a>&nbsp;&nbsp;&nbsp;__2printf
</UL>
<BR>[Called By]<UL><LI><a href="#[c5]">&gt;&gt;</a>&nbsp;&nbsp;&nbsp;mqtt_send_msg
</UL>

<P><STRONG><a name="[af]"></a>sim900a_http_init</STRONG> (Thumb, 158 bytes, Stack size 8 bytes, sim900a.o(.text), UNUSED)
<BR><BR>[Calls]<UL><LI><a href="#[97]">&gt;&gt;</a>&nbsp;&nbsp;&nbsp;sim900a_cmd_with_reply
<LI><a href="#[93]">&gt;&gt;</a>&nbsp;&nbsp;&nbsp;__2printf
</UL>

<P><STRONG><a name="[b0]"></a>sim900a_http_session_set</STRONG> (Thumb, 924 bytes, Stack size 8208 bytes, sim900a.o(.text), UNUSED)
<BR><BR>[Calls]<UL><LI><a href="#[97]">&gt;&gt;</a>&nbsp;&nbsp;&nbsp;sim900a_cmd_with_reply
<LI><a href="#[b1]">&gt;&gt;</a>&nbsp;&nbsp;&nbsp;strncmp
<LI><a href="#[aa]">&gt;&gt;</a>&nbsp;&nbsp;&nbsp;__2snprintf
</UL>

<P><STRONG><a name="[b2]"></a>sim900a_http_param_set</STRONG> (Thumb, 48 bytes, Stack size 144 bytes, sim900a.o(.text), UNUSED)
<BR><BR>[Calls]<UL><LI><a href="#[97]">&gt;&gt;</a>&nbsp;&nbsp;&nbsp;sim900a_cmd_with_reply
<LI><a href="#[aa]">&gt;&gt;</a>&nbsp;&nbsp;&nbsp;__2snprintf
</UL>

<P><STRONG><a name="[1d9]"></a>sim900a_read_resp</STRONG> (Thumb, 6 bytes, Stack size 0 bytes, sim900a.o(.text), UNUSED)

<P><STRONG><a name="[b3]"></a>sim900a_http_get</STRONG> (Thumb, 362 bytes, Stack size 152 bytes, sim900a.o(.text), UNUSED)
<BR><BR>[Calls]<UL><LI><a href="#[97]">&gt;&gt;</a>&nbsp;&nbsp;&nbsp;sim900a_cmd_with_reply
<LI><a href="#[96]">&gt;&gt;</a>&nbsp;&nbsp;&nbsp;delay_ms
<LI><a href="#[9f]">&gt;&gt;</a>&nbsp;&nbsp;&nbsp;__aeabi_memclr4
<LI><a href="#[a2]">&gt;&gt;</a>&nbsp;&nbsp;&nbsp;strstr
<LI><a href="#[aa]">&gt;&gt;</a>&nbsp;&nbsp;&nbsp;__2snprintf
<LI><a href="#[93]">&gt;&gt;</a>&nbsp;&nbsp;&nbsp;__2printf
</UL>

<P><STRONG><a name="[b4]"></a>sim900a_http_post</STRONG> (Thumb, 114 bytes, Stack size 64 bytes, sim900a.o(.text), UNUSED)
<BR><BR>[Calls]<UL><LI><a href="#[ae]">&gt;&gt;</a>&nbsp;&nbsp;&nbsp;usart_dump
<LI><a href="#[97]">&gt;&gt;</a>&nbsp;&nbsp;&nbsp;sim900a_cmd_with_reply
<LI><a href="#[96]">&gt;&gt;</a>&nbsp;&nbsp;&nbsp;delay_ms
<LI><a href="#[aa]">&gt;&gt;</a>&nbsp;&nbsp;&nbsp;__2snprintf
</UL>

<P><STRONG><a name="[b5]"></a>sim900a_http_read</STRONG> (Thumb, 290 bytes, Stack size 104 bytes, sim900a.o(.text), UNUSED)
<BR><BR>[Calls]<UL><LI><a href="#[97]">&gt;&gt;</a>&nbsp;&nbsp;&nbsp;sim900a_cmd_with_reply
<LI><a href="#[96]">&gt;&gt;</a>&nbsp;&nbsp;&nbsp;delay_ms
<LI><a href="#[9f]">&gt;&gt;</a>&nbsp;&nbsp;&nbsp;__aeabi_memclr4
<LI><a href="#[a6]">&gt;&gt;</a>&nbsp;&nbsp;&nbsp;__0sscanf
<LI><a href="#[aa]">&gt;&gt;</a>&nbsp;&nbsp;&nbsp;__2snprintf
<LI><a href="#[93]">&gt;&gt;</a>&nbsp;&nbsp;&nbsp;__2printf
</UL>

<P><STRONG><a name="[b6]"></a>sim900a_read_tcp</STRONG> (Thumb, 24 bytes, Stack size 16 bytes, sim900a.o(.text))
<BR><BR>[Stack]<UL><LI>Max Depth = 184 + Unknown Stack Size
<LI>Call Chain = sim900a_read_tcp &rArr; sim900a_cmd_with_reply &rArr; __2printf &rArr; _printf_char_file &rArr; _printf_char_common &rArr; __printf
</UL>
<BR>[Calls]<UL><LI><a href="#[97]">&gt;&gt;</a>&nbsp;&nbsp;&nbsp;sim900a_cmd_with_reply
</UL>
<BR>[Called By]<UL><LI><a href="#[9]">&gt;&gt;</a>&nbsp;&nbsp;&nbsp;read_tcp_func
</UL>

<P><STRONG><a name="[91]"></a>sim900a_user_config</STRONG> (Thumb, 856 bytes, Stack size 8 bytes, sim900a.o(.text))
<BR><BR>[Stack]<UL><LI>Max Depth = 192 + Unknown Stack Size
<LI>Call Chain = sim900a_user_config &rArr; sim900a_poweron &rArr; sim900a_check_status &rArr; sim900a_cmd_with_reply &rArr; __2printf &rArr; _printf_char_file &rArr; _printf_char_common &rArr; __printf
</UL>
<BR>[Calls]<UL><LI><a href="#[a7]">&gt;&gt;</a>&nbsp;&nbsp;&nbsp;sim900a_net_init
<LI><a href="#[a4]">&gt;&gt;</a>&nbsp;&nbsp;&nbsp;sim900a_poweron
<LI><a href="#[97]">&gt;&gt;</a>&nbsp;&nbsp;&nbsp;sim900a_cmd_with_reply
<LI><a href="#[96]">&gt;&gt;</a>&nbsp;&nbsp;&nbsp;delay_ms
<LI><a href="#[93]">&gt;&gt;</a>&nbsp;&nbsp;&nbsp;__2printf
</UL>
<BR>[Called By]<UL><LI><a href="#[83]">&gt;&gt;</a>&nbsp;&nbsp;&nbsp;main
</UL>

<P><STRONG><a name="[b7]"></a>connect_update_server</STRONG> (Thumb, 86 bytes, Stack size 24 bytes, sim900a.o(.text))
<BR><BR>[Stack]<UL><LI>Max Depth = 472 + Unknown Stack Size
<LI>Call Chain = connect_update_server &rArr; sim900a_tcpudp_connect &rArr; sim900a_cmd_with_reply &rArr; __2printf &rArr; _printf_char_file &rArr; _printf_char_common &rArr; __printf
</UL>
<BR>[Calls]<UL><LI><a href="#[a9]">&gt;&gt;</a>&nbsp;&nbsp;&nbsp;sim900a_tcpudp_connect
<LI><a href="#[96]">&gt;&gt;</a>&nbsp;&nbsp;&nbsp;delay_ms
<LI><a href="#[93]">&gt;&gt;</a>&nbsp;&nbsp;&nbsp;__2printf
</UL>
<BR>[Called By]<UL><LI><a href="#[94]">&gt;&gt;</a>&nbsp;&nbsp;&nbsp;mqtt_connection_init
</UL>

<P><STRONG><a name="[8b]"></a>usart1_init</STRONG> (Thumb, 146 bytes, Stack size 32 bytes, usart.o(.text))
<BR><BR>[Stack]<UL><LI>Max Depth = 100<LI>Call Chain = usart1_init &rArr; USART_Init &rArr; RCC_GetClocksFreq
</UL>
<BR>[Calls]<UL><LI><a href="#[b9]">&gt;&gt;</a>&nbsp;&nbsp;&nbsp;USART_Init
<LI><a href="#[ba]">&gt;&gt;</a>&nbsp;&nbsp;&nbsp;USART_Cmd
<LI><a href="#[b8]">&gt;&gt;</a>&nbsp;&nbsp;&nbsp;NVIC_Init
<LI><a href="#[9c]">&gt;&gt;</a>&nbsp;&nbsp;&nbsp;RCC_APB2PeriphClockCmd
<LI><a href="#[9d]">&gt;&gt;</a>&nbsp;&nbsp;&nbsp;GPIO_Init
</UL>
<BR>[Called By]<UL><LI><a href="#[83]">&gt;&gt;</a>&nbsp;&nbsp;&nbsp;main
</UL>

<P><STRONG><a name="[bb]"></a>NVIC_Configuration_Uart2</STRONG> (Thumb, 32 bytes, Stack size 8 bytes, usart.o(.text), UNUSED)
<BR><BR>[Calls]<UL><LI><a href="#[b8]">&gt;&gt;</a>&nbsp;&nbsp;&nbsp;NVIC_Init
</UL>

<P><STRONG><a name="[8c]"></a>usart3_init</STRONG> (Thumb, 158 bytes, Stack size 32 bytes, usart.o(.text))
<BR><BR>[Stack]<UL><LI>Max Depth = 100<LI>Call Chain = usart3_init &rArr; USART_Init &rArr; RCC_GetClocksFreq
</UL>
<BR>[Calls]<UL><LI><a href="#[b9]">&gt;&gt;</a>&nbsp;&nbsp;&nbsp;USART_Init
<LI><a href="#[bd]">&gt;&gt;</a>&nbsp;&nbsp;&nbsp;USART_ITConfig
<LI><a href="#[ba]">&gt;&gt;</a>&nbsp;&nbsp;&nbsp;USART_Cmd
<LI><a href="#[bc]">&gt;&gt;</a>&nbsp;&nbsp;&nbsp;RCC_APB1PeriphClockCmd
<LI><a href="#[b8]">&gt;&gt;</a>&nbsp;&nbsp;&nbsp;NVIC_Init
<LI><a href="#[9c]">&gt;&gt;</a>&nbsp;&nbsp;&nbsp;RCC_APB2PeriphClockCmd
<LI><a href="#[9d]">&gt;&gt;</a>&nbsp;&nbsp;&nbsp;GPIO_Init
</UL>
<BR>[Called By]<UL><LI><a href="#[83]">&gt;&gt;</a>&nbsp;&nbsp;&nbsp;main
</UL>

<P><STRONG><a name="[bf]"></a>itoa</STRONG> (Thumb, 78 bytes, Stack size 12 bytes, usart.o(.text))
<BR><BR>[Stack]<UL><LI>Max Depth = 12<LI>Call Chain = itoa
</UL>
<BR>[Called By]<UL><LI><a href="#[a1]">&gt;&gt;</a>&nbsp;&nbsp;&nbsp;usart_printf
</UL>

<P><STRONG><a name="[a1]"></a>usart_printf</STRONG> (Thumb, 262 bytes, Stack size 56 bytes, usart.o(.text))
<BR><BR>[Stack]<UL><LI>Max Depth = 68<LI>Call Chain = usart_printf &rArr; itoa
</UL>
<BR>[Calls]<UL><LI><a href="#[be]">&gt;&gt;</a>&nbsp;&nbsp;&nbsp;USART_GetFlagStatus
<LI><a href="#[bf]">&gt;&gt;</a>&nbsp;&nbsp;&nbsp;itoa
<LI><a href="#[a0]">&gt;&gt;</a>&nbsp;&nbsp;&nbsp;USART_SendData
</UL>
<BR>[Called By]<UL><LI><a href="#[ab]">&gt;&gt;</a>&nbsp;&nbsp;&nbsp;sim900a_net_send
<LI><a href="#[97]">&gt;&gt;</a>&nbsp;&nbsp;&nbsp;sim900a_cmd_with_reply
</UL>

<P><STRONG><a name="[ae]"></a>usart_dump</STRONG> (Thumb, 56 bytes, Stack size 24 bytes, usart.o(.text))
<BR><BR>[Stack]<UL><LI>Max Depth = 24<LI>Call Chain = usart_dump
</UL>
<BR>[Calls]<UL><LI><a href="#[be]">&gt;&gt;</a>&nbsp;&nbsp;&nbsp;USART_GetFlagStatus
<LI><a href="#[a0]">&gt;&gt;</a>&nbsp;&nbsp;&nbsp;USART_SendData
</UL>
<BR>[Called By]<UL><LI><a href="#[b4]">&gt;&gt;</a>&nbsp;&nbsp;&nbsp;sim900a_http_post
<LI><a href="#[ad]">&gt;&gt;</a>&nbsp;&nbsp;&nbsp;sim900a_send_raw
</UL>

<P><STRONG><a name="[3b]"></a>USART1_IRQHandler</STRONG> (Thumb, 82 bytes, Stack size 8 bytes, usart.o(.text))
<BR><BR>[Stack]<UL><LI>Max Depth = 24<LI>Call Chain = USART1_IRQHandler &rArr; USART_GetITStatus
</UL>
<BR>[Calls]<UL><LI><a href="#[c1]">&gt;&gt;</a>&nbsp;&nbsp;&nbsp;USART_ReceiveData
<LI><a href="#[c0]">&gt;&gt;</a>&nbsp;&nbsp;&nbsp;USART_GetITStatus
<LI><a href="#[be]">&gt;&gt;</a>&nbsp;&nbsp;&nbsp;USART_GetFlagStatus
<LI><a href="#[c2]">&gt;&gt;</a>&nbsp;&nbsp;&nbsp;USART_ClearFlag
<LI><a href="#[a0]">&gt;&gt;</a>&nbsp;&nbsp;&nbsp;USART_SendData
</UL>
<BR>[Address Reference Count : 1]<UL><LI> startup_stm32f10x_md.o(RESET)
</UL>
<P><STRONG><a name="[3d]"></a>USART3_IRQHandler</STRONG> (Thumb, 76 bytes, Stack size 8 bytes, usart.o(.text))
<BR><BR>[Stack]<UL><LI>Max Depth = 24<LI>Call Chain = USART3_IRQHandler &rArr; USART_GetITStatus
</UL>
<BR>[Calls]<UL><LI><a href="#[c1]">&gt;&gt;</a>&nbsp;&nbsp;&nbsp;USART_ReceiveData
<LI><a href="#[c0]">&gt;&gt;</a>&nbsp;&nbsp;&nbsp;USART_GetITStatus
<LI><a href="#[be]">&gt;&gt;</a>&nbsp;&nbsp;&nbsp;USART_GetFlagStatus
<LI><a href="#[a0]">&gt;&gt;</a>&nbsp;&nbsp;&nbsp;USART_SendData
</UL>
<BR>[Address Reference Count : 1]<UL><LI> startup_stm32f10x_md.o(RESET)
</UL>
<P><STRONG><a name="[4e]"></a>fputc</STRONG> (Thumb, 82 bytes, Stack size 16 bytes, usart.o(.text))
<BR><BR>[Stack]<UL><LI>Max Depth = 16<LI>Call Chain = fputc
</UL>
<BR>[Calls]<UL><LI><a href="#[be]">&gt;&gt;</a>&nbsp;&nbsp;&nbsp;USART_GetFlagStatus
<LI><a href="#[a0]">&gt;&gt;</a>&nbsp;&nbsp;&nbsp;USART_SendData
</UL>
<BR>[Address Reference Count : 1]<UL><LI> _printf_char_file.o(.text)
</UL>
<P><STRONG><a name="[c3]"></a>fgetc</STRONG> (Thumb, 30 bytes, Stack size 16 bytes, usart.o(.text), UNUSED)
<BR><BR>[Calls]<UL><LI><a href="#[c1]">&gt;&gt;</a>&nbsp;&nbsp;&nbsp;USART_ReceiveData
<LI><a href="#[be]">&gt;&gt;</a>&nbsp;&nbsp;&nbsp;USART_GetFlagStatus
</UL>

<P><STRONG><a name="[170]"></a>ferror</STRONG> (Thumb, 8 bytes, Stack size 0 bytes, usart.o(.text))
<BR><BR>[Called By]<UL><LI><a href="#[14e]">&gt;&gt;</a>&nbsp;&nbsp;&nbsp;_printf_char_file
</UL>

<P><STRONG><a name="[c4]"></a>_ttywrch</STRONG> (Thumb, 130 bytes, Stack size 8 bytes, usart.o(.text))
<BR><BR>[Stack]<UL><LI>Max Depth = 8<LI>Call Chain = _ttywrch
</UL>
<BR>[Calls]<UL><LI><a href="#[be]">&gt;&gt;</a>&nbsp;&nbsp;&nbsp;USART_GetFlagStatus
<LI><a href="#[a0]">&gt;&gt;</a>&nbsp;&nbsp;&nbsp;USART_SendData
</UL>
<BR>[Called By]<UL><LI><a href="#[18a]">&gt;&gt;</a>&nbsp;&nbsp;&nbsp;__default_signal_display
</UL>

<P><STRONG><a name="[88]"></a>_sys_exit</STRONG> (Thumb, 4 bytes, Stack size 0 bytes, usart.o(.text))
<BR><BR>[Called By]<UL><LI><a href="#[103]">&gt;&gt;</a>&nbsp;&nbsp;&nbsp;abort
<LI><a href="#[87]">&gt;&gt;</a>&nbsp;&nbsp;&nbsp;__rt_exit_exit
<LI><a href="#[17c]">&gt;&gt;</a>&nbsp;&nbsp;&nbsp;__sig_exit
</UL>

<P><STRONG><a name="[c5]"></a>mqtt_send_msg</STRONG> (Thumb, 48 bytes, Stack size 16 bytes, mqtt-user.o(.text))
<BR><BR>[Stack]<UL><LI>Max Depth = 200 + Unknown Stack Size
<LI>Call Chain = mqtt_send_msg &rArr; sim900a_send_raw &rArr; sim900a_cmd_with_reply &rArr; __2printf &rArr; _printf_char_file &rArr; _printf_char_common &rArr; __printf
</UL>
<BR>[Calls]<UL><LI><a href="#[ad]">&gt;&gt;</a>&nbsp;&nbsp;&nbsp;sim900a_send_raw
</UL>
<BR>[Called By]<UL><LI><a href="#[c9]">&gt;&gt;</a>&nbsp;&nbsp;&nbsp;mqtt_publish
<LI><a href="#[95]">&gt;&gt;</a>&nbsp;&nbsp;&nbsp;mqtt_subscribe
<LI><a href="#[94]">&gt;&gt;</a>&nbsp;&nbsp;&nbsp;mqtt_connection_init
</UL>

<P><STRONG><a name="[94]"></a>mqtt_connection_init</STRONG> (Thumb, 150 bytes, Stack size 2168 bytes, mqtt-user.o(.text))
<BR><BR>[Stack]<UL><LI>Max Depth = 2640 + Unknown Stack Size
<LI>Call Chain = mqtt_connection_init &rArr; connect_update_server &rArr; sim900a_tcpudp_connect &rArr; sim900a_cmd_with_reply &rArr; __2printf &rArr; _printf_char_file &rArr; _printf_char_common &rArr; __printf
</UL>
<BR>[Calls]<UL><LI><a href="#[c7]">&gt;&gt;</a>&nbsp;&nbsp;&nbsp;MQTTSerialize_connect
<LI><a href="#[c5]">&gt;&gt;</a>&nbsp;&nbsp;&nbsp;mqtt_send_msg
<LI><a href="#[b7]">&gt;&gt;</a>&nbsp;&nbsp;&nbsp;connect_update_server
<LI><a href="#[96]">&gt;&gt;</a>&nbsp;&nbsp;&nbsp;delay_ms
<LI><a href="#[9f]">&gt;&gt;</a>&nbsp;&nbsp;&nbsp;__aeabi_memclr4
<LI><a href="#[c6]">&gt;&gt;</a>&nbsp;&nbsp;&nbsp;__aeabi_memcpy4
<LI><a href="#[93]">&gt;&gt;</a>&nbsp;&nbsp;&nbsp;__2printf
</UL>
<BR>[Called By]<UL><LI><a href="#[83]">&gt;&gt;</a>&nbsp;&nbsp;&nbsp;main
</UL>

<P><STRONG><a name="[95]"></a>mqtt_subscribe</STRONG> (Thumb, 102 bytes, Stack size 2096 bytes, mqtt-user.o(.text))
<BR><BR>[Stack]<UL><LI>Max Depth = 2296 + Unknown Stack Size
<LI>Call Chain = mqtt_subscribe &rArr; mqtt_send_msg &rArr; sim900a_send_raw &rArr; sim900a_cmd_with_reply &rArr; __2printf &rArr; _printf_char_file &rArr; _printf_char_common &rArr; __printf
</UL>
<BR>[Calls]<UL><LI><a href="#[c8]">&gt;&gt;</a>&nbsp;&nbsp;&nbsp;MQTTSerialize_subscribe
<LI><a href="#[c5]">&gt;&gt;</a>&nbsp;&nbsp;&nbsp;mqtt_send_msg
<LI><a href="#[9f]">&gt;&gt;</a>&nbsp;&nbsp;&nbsp;__aeabi_memclr4
</UL>
<BR>[Called By]<UL><LI><a href="#[83]">&gt;&gt;</a>&nbsp;&nbsp;&nbsp;main
</UL>

<P><STRONG><a name="[c9]"></a>mqtt_publish</STRONG> (Thumb, 100 bytes, Stack size 2112 bytes, mqtt-user.o(.text))
<BR><BR>[Stack]<UL><LI>Max Depth = 2312 + Unknown Stack Size
<LI>Call Chain = mqtt_publish &rArr; mqtt_send_msg &rArr; sim900a_send_raw &rArr; sim900a_cmd_with_reply &rArr; __2printf &rArr; _printf_char_file &rArr; _printf_char_common &rArr; __printf
</UL>
<BR>[Calls]<UL><LI><a href="#[ca]">&gt;&gt;</a>&nbsp;&nbsp;&nbsp;MQTTSerialize_publish
<LI><a href="#[c5]">&gt;&gt;</a>&nbsp;&nbsp;&nbsp;mqtt_send_msg
<LI><a href="#[9f]">&gt;&gt;</a>&nbsp;&nbsp;&nbsp;__aeabi_memclr4
</UL>
<BR>[Called By]<UL><LI><a href="#[98]">&gt;&gt;</a>&nbsp;&nbsp;&nbsp;mqtt_send_beat
</UL>

<P><STRONG><a name="[98]"></a>mqtt_send_beat</STRONG> (Thumb, 100 bytes, Stack size 2072 bytes, mqtt-user.o(.text))
<BR><BR>[Stack]<UL><LI>Max Depth = 4384 + Unknown Stack Size
<LI>Call Chain = mqtt_send_beat &rArr; mqtt_publish &rArr; mqtt_send_msg &rArr; sim900a_send_raw &rArr; sim900a_cmd_with_reply &rArr; __2printf &rArr; _printf_char_file &rArr; _printf_char_common &rArr; __printf
</UL>
<BR>[Calls]<UL><LI><a href="#[c9]">&gt;&gt;</a>&nbsp;&nbsp;&nbsp;mqtt_publish
<LI><a href="#[9f]">&gt;&gt;</a>&nbsp;&nbsp;&nbsp;__aeabi_memclr4
<LI><a href="#[cb]">&gt;&gt;</a>&nbsp;&nbsp;&nbsp;strlen
<LI><a href="#[aa]">&gt;&gt;</a>&nbsp;&nbsp;&nbsp;__2snprintf
<LI><a href="#[93]">&gt;&gt;</a>&nbsp;&nbsp;&nbsp;__2printf
</UL>
<BR>[Called By]<UL><LI><a href="#[a]">&gt;&gt;</a>&nbsp;&nbsp;&nbsp;send_beat_func
<LI><a href="#[83]">&gt;&gt;</a>&nbsp;&nbsp;&nbsp;main
</UL>

<P><STRONG><a name="[8d]"></a>timer3_init</STRONG> (Thumb, 88 bytes, Stack size 32 bytes, timer.o(.text))
<BR><BR>[Stack]<UL><LI>Max Depth = 48<LI>Call Chain = timer3_init &rArr; NVIC_Init
</UL>
<BR>[Calls]<UL><LI><a href="#[cc]">&gt;&gt;</a>&nbsp;&nbsp;&nbsp;TIM_TimeBaseInit
<LI><a href="#[cd]">&gt;&gt;</a>&nbsp;&nbsp;&nbsp;TIM_ITConfig
<LI><a href="#[ce]">&gt;&gt;</a>&nbsp;&nbsp;&nbsp;TIM_Cmd
<LI><a href="#[bc]">&gt;&gt;</a>&nbsp;&nbsp;&nbsp;RCC_APB1PeriphClockCmd
<LI><a href="#[b8]">&gt;&gt;</a>&nbsp;&nbsp;&nbsp;NVIC_Init
</UL>
<BR>[Called By]<UL><LI><a href="#[83]">&gt;&gt;</a>&nbsp;&nbsp;&nbsp;main
</UL>

<P><STRONG><a name="[33]"></a>TIM3_IRQHandler</STRONG> (Thumb, 32 bytes, Stack size 8 bytes, timer.o(.text))
<BR><BR>[Stack]<UL><LI>Max Depth = 20<LI>Call Chain = TIM3_IRQHandler &rArr; TIM_GetITStatus
</UL>
<BR>[Calls]<UL><LI><a href="#[cf]">&gt;&gt;</a>&nbsp;&nbsp;&nbsp;TIM_GetITStatus
<LI><a href="#[d0]">&gt;&gt;</a>&nbsp;&nbsp;&nbsp;TIM_ClearITPendingBit
</UL>
<BR>[Address Reference Count : 1]<UL><LI> startup_stm32f10x_md.o(RESET)
</UL>
<P><STRONG><a name="[d5]"></a>timer_task_executer</STRONG> (Thumb, 92 bytes, Stack size 24 bytes, timer_task.o(.text))
<BR><BR>[Stack]<UL><LI>Max Depth = 168 + Unknown Stack Size
<LI>Call Chain = timer_task_executer &rArr; __2printf &rArr; _printf_char_file &rArr; _printf_char_common &rArr; __printf
</UL>
<BR>[Calls]<UL><LI><a href="#[93]">&gt;&gt;</a>&nbsp;&nbsp;&nbsp;__2printf
</UL>
<BR>[Called By]<UL><LI><a href="#[99]">&gt;&gt;</a>&nbsp;&nbsp;&nbsp;user_task_loop
</UL>

<P><STRONG><a name="[d6]"></a>update_current_time</STRONG> (Thumb, 12 bytes, Stack size 0 bytes, timer_task.o(.text))
<BR><BR>[Called By]<UL><LI><a href="#[99]">&gt;&gt;</a>&nbsp;&nbsp;&nbsp;user_task_loop
</UL>

<P><STRONG><a name="[99]"></a>user_task_loop</STRONG> (Thumb, 30 bytes, Stack size 8 bytes, timer_task.o(.text))
<BR><BR>[Stack]<UL><LI>Max Depth = 992 + Unknown Stack Size
<LI>Call Chain = user_task_loop &rArr; read_tcp_func &rArr; json_scanf &rArr; json_vscanf &rArr; json_walk &rArr; doit &rArr; parse_value &rArr; parse_array &rArr;  parse_value (Cycle)
</UL>
<BR>[Calls]<UL><LI><a href="#[d6]">&gt;&gt;</a>&nbsp;&nbsp;&nbsp;update_current_time
<LI><a href="#[d5]">&gt;&gt;</a>&nbsp;&nbsp;&nbsp;timer_task_executer
<LI><a href="#[9]">&gt;&gt;</a>&nbsp;&nbsp;&nbsp;read_tcp_func
</UL>
<BR>[Called By]<UL><LI><a href="#[83]">&gt;&gt;</a>&nbsp;&nbsp;&nbsp;main
</UL>

<P><STRONG><a name="[ee]"></a>json_escape</STRONG> (Thumb, 246 bytes, Stack size 48 bytes, frozen.o(.text), UNUSED)
<BR><BR>[Calls]<UL><LI><a href="#[e4]">&gt;&gt;</a>&nbsp;&nbsp;&nbsp;get_utf8_char_len
<LI><a href="#[ef]">&gt;&gt;</a>&nbsp;&nbsp;&nbsp;__rt_ctype_table
</UL>
<BR>[Called By]<UL><LI><a href="#[f7]">&gt;&gt;</a>&nbsp;&nbsp;&nbsp;json_vprintf
</UL>

<P><STRONG><a name="[f0]"></a>json_printer_buf</STRONG> (Thumb, 80 bytes, Stack size 24 bytes, frozen.o(.text), UNUSED)
<BR><BR>[Calls]<UL><LI><a href="#[d8]">&gt;&gt;</a>&nbsp;&nbsp;&nbsp;__aeabi_memcpy
</UL>

<P><STRONG><a name="[f7]"></a>json_vprintf</STRONG> (Thumb, 1156 bytes, Stack size 120 bytes, frozen.o(.text), UNUSED)
<BR><BR>[Calls]<UL><LI><a href="#[ee]">&gt;&gt;</a>&nbsp;&nbsp;&nbsp;json_escape
<LI><a href="#[f3]">&gt;&gt;</a>&nbsp;&nbsp;&nbsp;b64enc
<LI><a href="#[de]">&gt;&gt;</a>&nbsp;&nbsp;&nbsp;is_digit
<LI><a href="#[e1]">&gt;&gt;</a>&nbsp;&nbsp;&nbsp;is_alpha
<LI><a href="#[fd]">&gt;&gt;</a>&nbsp;&nbsp;&nbsp;strcmp
<LI><a href="#[fa]">&gt;&gt;</a>&nbsp;&nbsp;&nbsp;strncpy
<LI><a href="#[cb]">&gt;&gt;</a>&nbsp;&nbsp;&nbsp;strlen
<LI><a href="#[f9]">&gt;&gt;</a>&nbsp;&nbsp;&nbsp;strspn
<LI><a href="#[f8]">&gt;&gt;</a>&nbsp;&nbsp;&nbsp;strchr
<LI><a href="#[aa]">&gt;&gt;</a>&nbsp;&nbsp;&nbsp;__2snprintf
<LI><a href="#[fb]">&gt;&gt;</a>&nbsp;&nbsp;&nbsp;vsnprintf
<LI><a href="#[d4]">&gt;&gt;</a>&nbsp;&nbsp;&nbsp;free
<LI><a href="#[fc]">&gt;&gt;</a>&nbsp;&nbsp;&nbsp;malloc
</UL>
<BR>[Called By]<UL><LI><a href="#[10b]">&gt;&gt;</a>&nbsp;&nbsp;&nbsp;json_vsetf
<LI><a href="#[fe]">&gt;&gt;</a>&nbsp;&nbsp;&nbsp;json_printf
</UL>

<P><STRONG><a name="[fe]"></a>json_printf</STRONG> (Thumb, 34 bytes, Stack size 32 bytes, frozen.o(.text), UNUSED)
<BR><BR>[Calls]<UL><LI><a href="#[f7]">&gt;&gt;</a>&nbsp;&nbsp;&nbsp;json_vprintf
</UL>
<BR>[Called By]<UL><LI><a href="#[10b]">&gt;&gt;</a>&nbsp;&nbsp;&nbsp;json_vsetf
<LI><a href="#[ff]">&gt;&gt;</a>&nbsp;&nbsp;&nbsp;json_printf_array
</UL>

<P><STRONG><a name="[ff]"></a>json_printf_array</STRONG> (Thumb, 184 bytes, Stack size 56 bytes, frozen.o(.text), UNUSED)
<BR><BR>[Calls]<UL><LI><a href="#[fe]">&gt;&gt;</a>&nbsp;&nbsp;&nbsp;json_printf
<LI><a href="#[d8]">&gt;&gt;</a>&nbsp;&nbsp;&nbsp;__aeabi_memcpy
<LI><a href="#[f8]">&gt;&gt;</a>&nbsp;&nbsp;&nbsp;strchr
</UL>

<P><STRONG><a name="[100]"></a>json_walk</STRONG> (Thumb, 66 bytes, Stack size 312 bytes, frozen.o(.text))
<BR><BR>[Stack]<UL><LI>Max Depth = 544 + Unknown Stack Size
<LI>Call Chain = json_walk &rArr; doit &rArr; parse_value &rArr; parse_array &rArr;  parse_value (Cycle)
</UL>
<BR>[Calls]<UL><LI><a href="#[ed]">&gt;&gt;</a>&nbsp;&nbsp;&nbsp;doit
<LI><a href="#[9f]">&gt;&gt;</a>&nbsp;&nbsp;&nbsp;__aeabi_memclr4
</UL>
<BR>[Called By]<UL><LI><a href="#[10f]">&gt;&gt;</a>&nbsp;&nbsp;&nbsp;json_prettify
<LI><a href="#[10b]">&gt;&gt;</a>&nbsp;&nbsp;&nbsp;json_vsetf
<LI><a href="#[105]">&gt;&gt;</a>&nbsp;&nbsp;&nbsp;json_vscanf
<LI><a href="#[101]">&gt;&gt;</a>&nbsp;&nbsp;&nbsp;json_scanf_array_elem
<LI><a href="#[111]">&gt;&gt;</a>&nbsp;&nbsp;&nbsp;json_next
</UL>

<P><STRONG><a name="[101]"></a>json_scanf_array_elem</STRONG> (Thumb, 62 bytes, Stack size 288 bytes, frozen.o(.text), UNUSED)
<BR><BR>[Calls]<UL><LI><a href="#[100]">&gt;&gt;</a>&nbsp;&nbsp;&nbsp;json_walk
<LI><a href="#[aa]">&gt;&gt;</a>&nbsp;&nbsp;&nbsp;__2snprintf
</UL>

<P><STRONG><a name="[102]"></a>json_unescape</STRONG> (Thumb, 208 bytes, Stack size 48 bytes, frozen.o(.text))
<BR><BR>[Stack]<UL><LI>Max Depth = 48<LI>Call Chain = json_unescape
</UL>
<BR>[Calls]<UL><LI><a href="#[f8]">&gt;&gt;</a>&nbsp;&nbsp;&nbsp;strchr
</UL>
<BR>[Called By]<UL><LI><a href="#[42]">&gt;&gt;</a>&nbsp;&nbsp;&nbsp;json_scanf_cb
</UL>

<P><STRONG><a name="[105]"></a>json_vscanf</STRONG> (Thumb, 346 bytes, Stack size 360 bytes, frozen.o(.text))
<BR><BR>[Stack]<UL><LI>Max Depth = 904 + Unknown Stack Size
<LI>Call Chain = json_vscanf &rArr; json_walk &rArr; doit &rArr; parse_value &rArr; parse_array &rArr;  parse_value (Cycle)
</UL>
<BR>[Calls]<UL><LI><a href="#[100]">&gt;&gt;</a>&nbsp;&nbsp;&nbsp;json_walk
<LI><a href="#[e4]">&gt;&gt;</a>&nbsp;&nbsp;&nbsp;get_utf8_char_len
<LI><a href="#[e1]">&gt;&gt;</a>&nbsp;&nbsp;&nbsp;is_alpha
<LI><a href="#[9f]">&gt;&gt;</a>&nbsp;&nbsp;&nbsp;__aeabi_memclr4
<LI><a href="#[106]">&gt;&gt;</a>&nbsp;&nbsp;&nbsp;strcat
<LI><a href="#[cb]">&gt;&gt;</a>&nbsp;&nbsp;&nbsp;strlen
<LI><a href="#[107]">&gt;&gt;</a>&nbsp;&nbsp;&nbsp;strrchr
<LI><a href="#[f9]">&gt;&gt;</a>&nbsp;&nbsp;&nbsp;strspn
<LI><a href="#[108]">&gt;&gt;</a>&nbsp;&nbsp;&nbsp;strcspn
<LI><a href="#[aa]">&gt;&gt;</a>&nbsp;&nbsp;&nbsp;__2snprintf
<LI><a href="#[109]">&gt;&gt;</a>&nbsp;&nbsp;&nbsp;__2sprintf
</UL>
<BR>[Called By]<UL><LI><a href="#[d1]">&gt;&gt;</a>&nbsp;&nbsp;&nbsp;json_scanf
</UL>

<P><STRONG><a name="[d1]"></a>json_scanf</STRONG> (Thumb, 38 bytes, Stack size 40 bytes, frozen.o(.text))
<BR><BR>[Stack]<UL><LI>Max Depth = 944 + Unknown Stack Size
<LI>Call Chain = json_scanf &rArr; json_vscanf &rArr; json_walk &rArr; doit &rArr; parse_value &rArr; parse_array &rArr;  parse_value (Cycle)
</UL>
<BR>[Calls]<UL><LI><a href="#[105]">&gt;&gt;</a>&nbsp;&nbsp;&nbsp;json_vscanf
</UL>
<BR>[Called By]<UL><LI><a href="#[9]">&gt;&gt;</a>&nbsp;&nbsp;&nbsp;read_tcp_func
</UL>

<P><STRONG><a name="[10b]"></a>json_vsetf</STRONG> (Thumb, 366 bytes, Stack size 72 bytes, frozen.o(.text), UNUSED)
<BR><BR>[Calls]<UL><LI><a href="#[100]">&gt;&gt;</a>&nbsp;&nbsp;&nbsp;json_walk
<LI><a href="#[fe]">&gt;&gt;</a>&nbsp;&nbsp;&nbsp;json_printf
<LI><a href="#[f7]">&gt;&gt;</a>&nbsp;&nbsp;&nbsp;json_vprintf
<LI><a href="#[da]">&gt;&gt;</a>&nbsp;&nbsp;&nbsp;is_space
<LI><a href="#[9f]">&gt;&gt;</a>&nbsp;&nbsp;&nbsp;__aeabi_memclr4
<LI><a href="#[108]">&gt;&gt;</a>&nbsp;&nbsp;&nbsp;strcspn
</UL>
<BR>[Called By]<UL><LI><a href="#[10c]">&gt;&gt;</a>&nbsp;&nbsp;&nbsp;json_setf
</UL>

<P><STRONG><a name="[10c]"></a>json_setf</STRONG> (Thumb, 48 bytes, Stack size 40 bytes, frozen.o(.text), UNUSED)
<BR><BR>[Calls]<UL><LI><a href="#[10b]">&gt;&gt;</a>&nbsp;&nbsp;&nbsp;json_vsetf
</UL>

<P><STRONG><a name="[10f]"></a>json_prettify</STRONG> (Thumb, 32 bytes, Stack size 32 bytes, frozen.o(.text), UNUSED)
<BR><BR>[Calls]<UL><LI><a href="#[100]">&gt;&gt;</a>&nbsp;&nbsp;&nbsp;json_walk
</UL>

<P><STRONG><a name="[112]"></a>json_next_key</STRONG> (Thumb, 40 bytes, Stack size 40 bytes, frozen.o(.text), UNUSED)
<BR><BR>[Calls]<UL><LI><a href="#[111]">&gt;&gt;</a>&nbsp;&nbsp;&nbsp;json_next
</UL>

<P><STRONG><a name="[113]"></a>json_next_elem</STRONG> (Thumb, 38 bytes, Stack size 40 bytes, frozen.o(.text), UNUSED)
<BR><BR>[Calls]<UL><LI><a href="#[111]">&gt;&gt;</a>&nbsp;&nbsp;&nbsp;json_next
</UL>

<P><STRONG><a name="[8a]"></a>delay_init</STRONG> (Thumb, 50 bytes, Stack size 8 bytes, system.o(.text))
<BR><BR>[Stack]<UL><LI>Max Depth = 8<LI>Call Chain = delay_init
</UL>
<BR>[Calls]<UL><LI><a href="#[114]">&gt;&gt;</a>&nbsp;&nbsp;&nbsp;SysTick_CLKSourceConfig
</UL>
<BR>[Called By]<UL><LI><a href="#[83]">&gt;&gt;</a>&nbsp;&nbsp;&nbsp;main
</UL>

<P><STRONG><a name="[ac]"></a>delay_us</STRONG> (Thumb, 72 bytes, Stack size 0 bytes, system.o(.text))
<BR><BR>[Called By]<UL><LI><a href="#[ad]">&gt;&gt;</a>&nbsp;&nbsp;&nbsp;sim900a_send_raw
<LI><a href="#[ab]">&gt;&gt;</a>&nbsp;&nbsp;&nbsp;sim900a_net_send
<LI><a href="#[96]">&gt;&gt;</a>&nbsp;&nbsp;&nbsp;delay_ms
</UL>

<P><STRONG><a name="[96]"></a>delay_ms</STRONG> (Thumb, 26 bytes, Stack size 8 bytes, system.o(.text))
<BR><BR>[Stack]<UL><LI>Max Depth = 8<LI>Call Chain = delay_ms
</UL>
<BR>[Calls]<UL><LI><a href="#[ac]">&gt;&gt;</a>&nbsp;&nbsp;&nbsp;delay_us
</UL>
<BR>[Called By]<UL><LI><a href="#[b7]">&gt;&gt;</a>&nbsp;&nbsp;&nbsp;connect_update_server
<LI><a href="#[b5]">&gt;&gt;</a>&nbsp;&nbsp;&nbsp;sim900a_http_read
<LI><a href="#[b4]">&gt;&gt;</a>&nbsp;&nbsp;&nbsp;sim900a_http_post
<LI><a href="#[b3]">&gt;&gt;</a>&nbsp;&nbsp;&nbsp;sim900a_http_get
<LI><a href="#[a4]">&gt;&gt;</a>&nbsp;&nbsp;&nbsp;sim900a_poweron
<LI><a href="#[a3]">&gt;&gt;</a>&nbsp;&nbsp;&nbsp;sim900a_check_status
<LI><a href="#[91]">&gt;&gt;</a>&nbsp;&nbsp;&nbsp;sim900a_user_config
<LI><a href="#[97]">&gt;&gt;</a>&nbsp;&nbsp;&nbsp;sim900a_cmd_with_reply
<LI><a href="#[94]">&gt;&gt;</a>&nbsp;&nbsp;&nbsp;mqtt_connection_init
<LI><a href="#[83]">&gt;&gt;</a>&nbsp;&nbsp;&nbsp;main
</UL>

<P><STRONG><a name="[8f]"></a>relay_init</STRONG> (Thumb, 50 bytes, Stack size 8 bytes, relay.o(.text))
<BR><BR>[Stack]<UL><LI>Max Depth = 32<LI>Call Chain = relay_init &rArr; GPIO_Init
</UL>
<BR>[Calls]<UL><LI><a href="#[9c]">&gt;&gt;</a>&nbsp;&nbsp;&nbsp;RCC_APB2PeriphClockCmd
<LI><a href="#[a5]">&gt;&gt;</a>&nbsp;&nbsp;&nbsp;GPIO_SetBits
<LI><a href="#[9d]">&gt;&gt;</a>&nbsp;&nbsp;&nbsp;GPIO_Init
</UL>
<BR>[Called By]<UL><LI><a href="#[83]">&gt;&gt;</a>&nbsp;&nbsp;&nbsp;main
</UL>

<P><STRONG><a name="[90]"></a>relay_on</STRONG> (Thumb, 14 bytes, Stack size 8 bytes, relay.o(.text))
<BR><BR>[Stack]<UL><LI>Max Depth = 8<LI>Call Chain = relay_on
</UL>
<BR>[Calls]<UL><LI><a href="#[9e]">&gt;&gt;</a>&nbsp;&nbsp;&nbsp;GPIO_ResetBits
</UL>
<BR>[Called By]<UL><LI><a href="#[9]">&gt;&gt;</a>&nbsp;&nbsp;&nbsp;read_tcp_func
<LI><a href="#[83]">&gt;&gt;</a>&nbsp;&nbsp;&nbsp;main
</UL>

<P><STRONG><a name="[d3]"></a>relay_off</STRONG> (Thumb, 14 bytes, Stack size 8 bytes, relay.o(.text))
<BR><BR>[Stack]<UL><LI>Max Depth = 8<LI>Call Chain = relay_off
</UL>
<BR>[Calls]<UL><LI><a href="#[a5]">&gt;&gt;</a>&nbsp;&nbsp;&nbsp;GPIO_SetBits
</UL>
<BR>[Called By]<UL><LI><a href="#[b]">&gt;&gt;</a>&nbsp;&nbsp;&nbsp;set_relay_func
<LI><a href="#[9]">&gt;&gt;</a>&nbsp;&nbsp;&nbsp;read_tcp_func
</UL>

<P><STRONG><a name="[115]"></a>MQTTSerialize_connectLength</STRONG> (Thumb, 118 bytes, Stack size 16 bytes, mqttconnectclient.o(.text))
<BR><BR>[Stack]<UL><LI>Max Depth = 48<LI>Call Chain = MQTTSerialize_connectLength &rArr; MQTTstrlen &rArr; strlen
</UL>
<BR>[Calls]<UL><LI><a href="#[116]">&gt;&gt;</a>&nbsp;&nbsp;&nbsp;MQTTstrlen
</UL>
<BR>[Called By]<UL><LI><a href="#[c7]">&gt;&gt;</a>&nbsp;&nbsp;&nbsp;MQTTSerialize_connect
</UL>

<P><STRONG><a name="[c7]"></a>MQTTSerialize_connect</STRONG> (Thumb, 342 bytes, Stack size 40 bytes, mqttconnectclient.o(.text))
<BR><BR>[Stack]<UL><LI>Max Depth = 88<LI>Call Chain = MQTTSerialize_connect &rArr; writeMQTTString &rArr; writeCString &rArr; writeInt
</UL>
<BR>[Calls]<UL><LI><a href="#[11c]">&gt;&gt;</a>&nbsp;&nbsp;&nbsp;writeMQTTString
<LI><a href="#[11b]">&gt;&gt;</a>&nbsp;&nbsp;&nbsp;writeInt
<LI><a href="#[118]">&gt;&gt;</a>&nbsp;&nbsp;&nbsp;writeChar
<LI><a href="#[11a]">&gt;&gt;</a>&nbsp;&nbsp;&nbsp;writeCString
<LI><a href="#[117]">&gt;&gt;</a>&nbsp;&nbsp;&nbsp;MQTTPacket_len
<LI><a href="#[119]">&gt;&gt;</a>&nbsp;&nbsp;&nbsp;MQTTPacket_encode
<LI><a href="#[115]">&gt;&gt;</a>&nbsp;&nbsp;&nbsp;MQTTSerialize_connectLength
</UL>
<BR>[Called By]<UL><LI><a href="#[94]">&gt;&gt;</a>&nbsp;&nbsp;&nbsp;mqtt_connection_init
</UL>

<P><STRONG><a name="[11d]"></a>MQTTDeserialize_connack</STRONG> (Thumb, 118 bytes, Stack size 48 bytes, mqttconnectclient.o(.text), UNUSED)
<BR><BR>[Calls]<UL><LI><a href="#[11e]">&gt;&gt;</a>&nbsp;&nbsp;&nbsp;readChar
<LI><a href="#[11f]">&gt;&gt;</a>&nbsp;&nbsp;&nbsp;MQTTPacket_decodeBuf
</UL>

<P><STRONG><a name="[120]"></a>MQTTSerialize_zero</STRONG> (Thumb, 76 bytes, Stack size 32 bytes, mqttconnectclient.o(.text), UNUSED)
<BR><BR>[Calls]<UL><LI><a href="#[118]">&gt;&gt;</a>&nbsp;&nbsp;&nbsp;writeChar
<LI><a href="#[119]">&gt;&gt;</a>&nbsp;&nbsp;&nbsp;MQTTPacket_encode
</UL>
<BR>[Called By]<UL><LI><a href="#[122]">&gt;&gt;</a>&nbsp;&nbsp;&nbsp;MQTTSerialize_pingreq
<LI><a href="#[121]">&gt;&gt;</a>&nbsp;&nbsp;&nbsp;MQTTSerialize_disconnect
</UL>

<P><STRONG><a name="[121]"></a>MQTTSerialize_disconnect</STRONG> (Thumb, 18 bytes, Stack size 16 bytes, mqttconnectclient.o(.text), UNUSED)
<BR><BR>[Calls]<UL><LI><a href="#[120]">&gt;&gt;</a>&nbsp;&nbsp;&nbsp;MQTTSerialize_zero
</UL>

<P><STRONG><a name="[122]"></a>MQTTSerialize_pingreq</STRONG> (Thumb, 18 bytes, Stack size 16 bytes, mqttconnectclient.o(.text), UNUSED)
<BR><BR>[Calls]<UL><LI><a href="#[120]">&gt;&gt;</a>&nbsp;&nbsp;&nbsp;MQTTSerialize_zero
</UL>

<P><STRONG><a name="[119]"></a>MQTTPacket_encode</STRONG> (Thumb, 54 bytes, Stack size 12 bytes, mqttpacket.o(.text))
<BR><BR>[Stack]<UL><LI>Max Depth = 12<LI>Call Chain = MQTTPacket_encode
</UL>
<BR>[Called By]<UL><LI><a href="#[12c]">&gt;&gt;</a>&nbsp;&nbsp;&nbsp;MQTTSerialize_ack
<LI><a href="#[129]">&gt;&gt;</a>&nbsp;&nbsp;&nbsp;MQTTPacket_readnb
<LI><a href="#[128]">&gt;&gt;</a>&nbsp;&nbsp;&nbsp;MQTTPacket_read
<LI><a href="#[120]">&gt;&gt;</a>&nbsp;&nbsp;&nbsp;MQTTSerialize_zero
<LI><a href="#[c8]">&gt;&gt;</a>&nbsp;&nbsp;&nbsp;MQTTSerialize_subscribe
<LI><a href="#[ca]">&gt;&gt;</a>&nbsp;&nbsp;&nbsp;MQTTSerialize_publish
<LI><a href="#[c7]">&gt;&gt;</a>&nbsp;&nbsp;&nbsp;MQTTSerialize_connect
</UL>

<P><STRONG><a name="[124]"></a>MQTTPacket_decode</STRONG> (Thumb, 88 bytes, Stack size 32 bytes, mqttpacket.o(.text), UNUSED)
<BR><BR>[Called By]<UL><LI><a href="#[128]">&gt;&gt;</a>&nbsp;&nbsp;&nbsp;MQTTPacket_read
<LI><a href="#[11f]">&gt;&gt;</a>&nbsp;&nbsp;&nbsp;MQTTPacket_decodeBuf
</UL>

<P><STRONG><a name="[117]"></a>MQTTPacket_len</STRONG> (Thumb, 34 bytes, Stack size 0 bytes, mqttpacket.o(.text))
<BR><BR>[Called By]<UL><LI><a href="#[c8]">&gt;&gt;</a>&nbsp;&nbsp;&nbsp;MQTTSerialize_subscribe
<LI><a href="#[ca]">&gt;&gt;</a>&nbsp;&nbsp;&nbsp;MQTTSerialize_publish
<LI><a href="#[c7]">&gt;&gt;</a>&nbsp;&nbsp;&nbsp;MQTTSerialize_connect
</UL>

<P><STRONG><a name="[123]"></a>bufchar</STRONG> (Thumb, 36 bytes, Stack size 8 bytes, mqttpacket.o(.text))
<BR><BR>[Stack]<UL><LI>Max Depth = 8<LI>Call Chain = bufchar
</UL>
<BR>[Address Reference Count : 1]<UL><LI> mqttpacket.o(.text)
</UL>
<P><STRONG><a name="[11f]"></a>MQTTPacket_decodeBuf</STRONG> (Thumb, 22 bytes, Stack size 16 bytes, mqttpacket.o(.text), UNUSED)
<BR><BR>[Calls]<UL><LI><a href="#[124]">&gt;&gt;</a>&nbsp;&nbsp;&nbsp;MQTTPacket_decode
</UL>
<BR>[Called By]<UL><LI><a href="#[131]">&gt;&gt;</a>&nbsp;&nbsp;&nbsp;MQTTDeserialize_suback
<LI><a href="#[11d]">&gt;&gt;</a>&nbsp;&nbsp;&nbsp;MQTTDeserialize_connack
</UL>

<P><STRONG><a name="[126]"></a>readInt</STRONG> (Thumb, 26 bytes, Stack size 12 bytes, mqttpacket.o(.text), UNUSED)
<BR><BR>[Called By]<UL><LI><a href="#[131]">&gt;&gt;</a>&nbsp;&nbsp;&nbsp;MQTTDeserialize_suback
<LI><a href="#[125]">&gt;&gt;</a>&nbsp;&nbsp;&nbsp;readMQTTLenString
</UL>

<P><STRONG><a name="[11e]"></a>readChar</STRONG> (Thumb, 14 bytes, Stack size 0 bytes, mqttpacket.o(.text), UNUSED)
<BR><BR>[Called By]<UL><LI><a href="#[131]">&gt;&gt;</a>&nbsp;&nbsp;&nbsp;MQTTDeserialize_suback
<LI><a href="#[11d]">&gt;&gt;</a>&nbsp;&nbsp;&nbsp;MQTTDeserialize_connack
</UL>

<P><STRONG><a name="[118]"></a>writeChar</STRONG> (Thumb, 12 bytes, Stack size 0 bytes, mqttpacket.o(.text))
<BR><BR>[Called By]<UL><LI><a href="#[12c]">&gt;&gt;</a>&nbsp;&nbsp;&nbsp;MQTTSerialize_ack
<LI><a href="#[120]">&gt;&gt;</a>&nbsp;&nbsp;&nbsp;MQTTSerialize_zero
<LI><a href="#[c8]">&gt;&gt;</a>&nbsp;&nbsp;&nbsp;MQTTSerialize_subscribe
<LI><a href="#[ca]">&gt;&gt;</a>&nbsp;&nbsp;&nbsp;MQTTSerialize_publish
<LI><a href="#[c7]">&gt;&gt;</a>&nbsp;&nbsp;&nbsp;MQTTSerialize_connect
</UL>

<P><STRONG><a name="[11b]"></a>writeInt</STRONG> (Thumb, 48 bytes, Stack size 8 bytes, mqttpacket.o(.text))
<BR><BR>[Stack]<UL><LI>Max Depth = 8<LI>Call Chain = writeInt
</UL>
<BR>[Called By]<UL><LI><a href="#[12c]">&gt;&gt;</a>&nbsp;&nbsp;&nbsp;MQTTSerialize_ack
<LI><a href="#[11c]">&gt;&gt;</a>&nbsp;&nbsp;&nbsp;writeMQTTString
<LI><a href="#[11a]">&gt;&gt;</a>&nbsp;&nbsp;&nbsp;writeCString
<LI><a href="#[c8]">&gt;&gt;</a>&nbsp;&nbsp;&nbsp;MQTTSerialize_subscribe
<LI><a href="#[ca]">&gt;&gt;</a>&nbsp;&nbsp;&nbsp;MQTTSerialize_publish
<LI><a href="#[c7]">&gt;&gt;</a>&nbsp;&nbsp;&nbsp;MQTTSerialize_connect
</UL>

<P><STRONG><a name="[11a]"></a>writeCString</STRONG> (Thumb, 40 bytes, Stack size 16 bytes, mqttpacket.o(.text))
<BR><BR>[Stack]<UL><LI>Max Depth = 24<LI>Call Chain = writeCString &rArr; writeInt
</UL>
<BR>[Calls]<UL><LI><a href="#[11b]">&gt;&gt;</a>&nbsp;&nbsp;&nbsp;writeInt
<LI><a href="#[d8]">&gt;&gt;</a>&nbsp;&nbsp;&nbsp;__aeabi_memcpy
<LI><a href="#[cb]">&gt;&gt;</a>&nbsp;&nbsp;&nbsp;strlen
</UL>
<BR>[Called By]<UL><LI><a href="#[11c]">&gt;&gt;</a>&nbsp;&nbsp;&nbsp;writeMQTTString
<LI><a href="#[c7]">&gt;&gt;</a>&nbsp;&nbsp;&nbsp;MQTTSerialize_connect
</UL>

<P><STRONG><a name="[1da]"></a>getLenStringLen</STRONG> (Thumb, 18 bytes, Stack size 8 bytes, mqttpacket.o(.text), UNUSED)

<P><STRONG><a name="[11c]"></a>writeMQTTString</STRONG> (Thumb, 62 bytes, Stack size 24 bytes, mqttpacket.o(.text))
<BR><BR>[Stack]<UL><LI>Max Depth = 48<LI>Call Chain = writeMQTTString &rArr; writeCString &rArr; writeInt
</UL>
<BR>[Calls]<UL><LI><a href="#[11b]">&gt;&gt;</a>&nbsp;&nbsp;&nbsp;writeInt
<LI><a href="#[11a]">&gt;&gt;</a>&nbsp;&nbsp;&nbsp;writeCString
<LI><a href="#[d8]">&gt;&gt;</a>&nbsp;&nbsp;&nbsp;__aeabi_memcpy
</UL>
<BR>[Called By]<UL><LI><a href="#[c8]">&gt;&gt;</a>&nbsp;&nbsp;&nbsp;MQTTSerialize_subscribe
<LI><a href="#[ca]">&gt;&gt;</a>&nbsp;&nbsp;&nbsp;MQTTSerialize_publish
<LI><a href="#[c7]">&gt;&gt;</a>&nbsp;&nbsp;&nbsp;MQTTSerialize_connect
</UL>

<P><STRONG><a name="[125]"></a>readMQTTLenString</STRONG> (Thumb, 58 bytes, Stack size 20 bytes, mqttpacket.o(.text), UNUSED)
<BR><BR>[Calls]<UL><LI><a href="#[126]">&gt;&gt;</a>&nbsp;&nbsp;&nbsp;readInt
</UL>

<P><STRONG><a name="[116]"></a>MQTTstrlen</STRONG> (Thumb, 24 bytes, Stack size 24 bytes, mqttpacket.o(.text))
<BR><BR>[Stack]<UL><LI>Max Depth = 32<LI>Call Chain = MQTTstrlen &rArr; strlen
</UL>
<BR>[Calls]<UL><LI><a href="#[cb]">&gt;&gt;</a>&nbsp;&nbsp;&nbsp;strlen
</UL>
<BR>[Called By]<UL><LI><a href="#[130]">&gt;&gt;</a>&nbsp;&nbsp;&nbsp;MQTTSerialize_subscribeLength
<LI><a href="#[12b]">&gt;&gt;</a>&nbsp;&nbsp;&nbsp;MQTTSerialize_publishLength
<LI><a href="#[115]">&gt;&gt;</a>&nbsp;&nbsp;&nbsp;MQTTSerialize_connectLength
</UL>

<P><STRONG><a name="[127]"></a>MQTTPacket_equals</STRONG> (Thumb, 66 bytes, Stack size 24 bytes, mqttpacket.o(.text), UNUSED)
<BR><BR>[Calls]<UL><LI><a href="#[b1]">&gt;&gt;</a>&nbsp;&nbsp;&nbsp;strncmp
<LI><a href="#[cb]">&gt;&gt;</a>&nbsp;&nbsp;&nbsp;strlen
</UL>

<P><STRONG><a name="[128]"></a>MQTTPacket_read</STRONG> (Thumb, 102 bytes, Stack size 32 bytes, mqttpacket.o(.text), UNUSED)
<BR><BR>[Calls]<UL><LI><a href="#[124]">&gt;&gt;</a>&nbsp;&nbsp;&nbsp;MQTTPacket_decode
<LI><a href="#[119]">&gt;&gt;</a>&nbsp;&nbsp;&nbsp;MQTTPacket_encode
</UL>

<P><STRONG><a name="[129]"></a>MQTTPacket_readnb</STRONG> (Thumb, 204 bytes, Stack size 32 bytes, mqttpacket.o(.text), UNUSED)
<BR><BR>[Calls]<UL><LI><a href="#[12a]">&gt;&gt;</a>&nbsp;&nbsp;&nbsp;MQTTPacket_decodenb
<LI><a href="#[119]">&gt;&gt;</a>&nbsp;&nbsp;&nbsp;MQTTPacket_encode
</UL>

<P><STRONG><a name="[12b]"></a>MQTTSerialize_publishLength</STRONG> (Thumb, 34 bytes, Stack size 32 bytes, mqttserializepublish.o(.text))
<BR><BR>[Stack]<UL><LI>Max Depth = 64<LI>Call Chain = MQTTSerialize_publishLength &rArr; MQTTstrlen &rArr; strlen
</UL>
<BR>[Calls]<UL><LI><a href="#[116]">&gt;&gt;</a>&nbsp;&nbsp;&nbsp;MQTTstrlen
</UL>
<BR>[Called By]<UL><LI><a href="#[ca]">&gt;&gt;</a>&nbsp;&nbsp;&nbsp;MQTTSerialize_publish
</UL>

<P><STRONG><a name="[ca]"></a>MQTTSerialize_publish</STRONG> (Thumb, 176 bytes, Stack size 64 bytes, mqttserializepublish.o(.text))
<BR><BR>[Stack]<UL><LI>Max Depth = 128<LI>Call Chain = MQTTSerialize_publish &rArr; MQTTSerialize_publishLength &rArr; MQTTstrlen &rArr; strlen
</UL>
<BR>[Calls]<UL><LI><a href="#[12b]">&gt;&gt;</a>&nbsp;&nbsp;&nbsp;MQTTSerialize_publishLength
<LI><a href="#[11c]">&gt;&gt;</a>&nbsp;&nbsp;&nbsp;writeMQTTString
<LI><a href="#[11b]">&gt;&gt;</a>&nbsp;&nbsp;&nbsp;writeInt
<LI><a href="#[118]">&gt;&gt;</a>&nbsp;&nbsp;&nbsp;writeChar
<LI><a href="#[117]">&gt;&gt;</a>&nbsp;&nbsp;&nbsp;MQTTPacket_len
<LI><a href="#[119]">&gt;&gt;</a>&nbsp;&nbsp;&nbsp;MQTTPacket_encode
<LI><a href="#[d8]">&gt;&gt;</a>&nbsp;&nbsp;&nbsp;__aeabi_memcpy
</UL>
<BR>[Called By]<UL><LI><a href="#[c9]">&gt;&gt;</a>&nbsp;&nbsp;&nbsp;mqtt_publish
</UL>

<P><STRONG><a name="[12c]"></a>MQTTSerialize_ack</STRONG> (Thumb, 114 bytes, Stack size 40 bytes, mqttserializepublish.o(.text), UNUSED)
<BR><BR>[Calls]<UL><LI><a href="#[11b]">&gt;&gt;</a>&nbsp;&nbsp;&nbsp;writeInt
<LI><a href="#[118]">&gt;&gt;</a>&nbsp;&nbsp;&nbsp;writeChar
<LI><a href="#[119]">&gt;&gt;</a>&nbsp;&nbsp;&nbsp;MQTTPacket_encode
</UL>
<BR>[Called By]<UL><LI><a href="#[12f]">&gt;&gt;</a>&nbsp;&nbsp;&nbsp;MQTTSerialize_pubcomp
<LI><a href="#[12e]">&gt;&gt;</a>&nbsp;&nbsp;&nbsp;MQTTSerialize_pubrel
<LI><a href="#[12d]">&gt;&gt;</a>&nbsp;&nbsp;&nbsp;MQTTSerialize_puback
</UL>

<P><STRONG><a name="[12d]"></a>MQTTSerialize_puback</STRONG> (Thumb, 24 bytes, Stack size 24 bytes, mqttserializepublish.o(.text), UNUSED)
<BR><BR>[Calls]<UL><LI><a href="#[12c]">&gt;&gt;</a>&nbsp;&nbsp;&nbsp;MQTTSerialize_ack
</UL>

<P><STRONG><a name="[12e]"></a>MQTTSerialize_pubrel</STRONG> (Thumb, 26 bytes, Stack size 24 bytes, mqttserializepublish.o(.text), UNUSED)
<BR><BR>[Calls]<UL><LI><a href="#[12c]">&gt;&gt;</a>&nbsp;&nbsp;&nbsp;MQTTSerialize_ack
</UL>

<P><STRONG><a name="[12f]"></a>MQTTSerialize_pubcomp</STRONG> (Thumb, 24 bytes, Stack size 24 bytes, mqttserializepublish.o(.text), UNUSED)
<BR><BR>[Calls]<UL><LI><a href="#[12c]">&gt;&gt;</a>&nbsp;&nbsp;&nbsp;MQTTSerialize_ack
</UL>

<P><STRONG><a name="[130]"></a>MQTTSerialize_subscribeLength</STRONG> (Thumb, 46 bytes, Stack size 24 bytes, mqttsubscribeclient.o(.text))
<BR><BR>[Stack]<UL><LI>Max Depth = 56<LI>Call Chain = MQTTSerialize_subscribeLength &rArr; MQTTstrlen &rArr; strlen
</UL>
<BR>[Calls]<UL><LI><a href="#[116]">&gt;&gt;</a>&nbsp;&nbsp;&nbsp;MQTTstrlen
</UL>
<BR>[Called By]<UL><LI><a href="#[c8]">&gt;&gt;</a>&nbsp;&nbsp;&nbsp;MQTTSerialize_subscribe
</UL>

<P><STRONG><a name="[c8]"></a>MQTTSerialize_subscribe</STRONG> (Thumb, 176 bytes, Stack size 56 bytes, mqttsubscribeclient.o(.text))
<BR><BR>[Stack]<UL><LI>Max Depth = 112<LI>Call Chain = MQTTSerialize_subscribe &rArr; MQTTSerialize_subscribeLength &rArr; MQTTstrlen &rArr; strlen
</UL>
<BR>[Calls]<UL><LI><a href="#[130]">&gt;&gt;</a>&nbsp;&nbsp;&nbsp;MQTTSerialize_subscribeLength
<LI><a href="#[11c]">&gt;&gt;</a>&nbsp;&nbsp;&nbsp;writeMQTTString
<LI><a href="#[11b]">&gt;&gt;</a>&nbsp;&nbsp;&nbsp;writeInt
<LI><a href="#[118]">&gt;&gt;</a>&nbsp;&nbsp;&nbsp;writeChar
<LI><a href="#[117]">&gt;&gt;</a>&nbsp;&nbsp;&nbsp;MQTTPacket_len
<LI><a href="#[119]">&gt;&gt;</a>&nbsp;&nbsp;&nbsp;MQTTPacket_encode
</UL>
<BR>[Called By]<UL><LI><a href="#[95]">&gt;&gt;</a>&nbsp;&nbsp;&nbsp;mqtt_subscribe
</UL>

<P><STRONG><a name="[131]"></a>MQTTDeserialize_suback</STRONG> (Thumb, 146 bytes, Stack size 48 bytes, mqttsubscribeclient.o(.text), UNUSED)
<BR><BR>[Calls]<UL><LI><a href="#[126]">&gt;&gt;</a>&nbsp;&nbsp;&nbsp;readInt
<LI><a href="#[11e]">&gt;&gt;</a>&nbsp;&nbsp;&nbsp;readChar
<LI><a href="#[11f]">&gt;&gt;</a>&nbsp;&nbsp;&nbsp;MQTTPacket_decodeBuf
</UL>

<P><STRONG><a name="[c]"></a>Reset_Handler</STRONG> (Thumb, 8 bytes, Stack size 0 bytes, startup_stm32f10x_md.o(.text))
[...]
<LI><a href="#[eb]">&gt;&gt;</a>&nbsp;&nbsp;&nbsp;parse_object
<LI><a href="#[e9]">&gt;&gt;</a>&nbsp;&nbsp;&nbsp;parse_pair
<LI><a href="#[e7]">&gt;&gt;</a>&nbsp;&nbsp;&nbsp;expect
<LI><a href="#[e6]">&gt;&gt;</a>&nbsp;&nbsp;&nbsp;parse_number
<LI><a href="#[e3]">&gt;&gt;</a>&nbsp;&nbsp;&nbsp;parse_string
<LI><a href="#[e0]">&gt;&gt;</a>&nbsp;&nbsp;&nbsp;parse_identifier
</UL>

<P><STRONG><a name="[e5]"></a>left</STRONG> (Thumb, 10 bytes, Stack size 0 bytes, frozen.o(.text))
<BR><BR>[Called By]<UL><LI><a href="#[e7]">&gt;&gt;</a>&nbsp;&nbsp;&nbsp;expect
<LI><a href="#[e3]">&gt;&gt;</a>&nbsp;&nbsp;&nbsp;parse_string
</UL>

<P><STRONG><a name="[da]"></a>is_space</STRONG> (Thumb, 26 bytes, Stack size 0 bytes, frozen.o(.text))
<BR><BR>[Called By]<UL><LI><a href="#[10b]">&gt;&gt;</a>&nbsp;&nbsp;&nbsp;json_vsetf
<LI><a href="#[d9]">&gt;&gt;</a>&nbsp;&nbsp;&nbsp;skip_whitespaces
</UL>

<P><STRONG><a name="[d9]"></a>skip_whitespaces</STRONG> (Thumb, 34 bytes, Stack size 8 bytes, frozen.o(.text))
<BR><BR>[Stack]<UL><LI>Max Depth = 8<LI>Call Chain = skip_whitespaces
</UL>
<BR>[Calls]<UL><LI><a href="#[da]">&gt;&gt;</a>&nbsp;&nbsp;&nbsp;is_space
</UL>
<BR>[Called By]<UL><LI><a href="#[e9]">&gt;&gt;</a>&nbsp;&nbsp;&nbsp;parse_pair
<LI><a href="#[db]">&gt;&gt;</a>&nbsp;&nbsp;&nbsp;cur
</UL>

<P><STRONG><a name="[db]"></a>cur</STRONG> (Thumb, 30 bytes, Stack size 8 bytes, frozen.o(.text))
<BR><BR>[Stack]<UL><LI>Max Depth = 16<LI>Call Chain = cur &rArr; skip_whitespaces
</UL>
<BR>[Calls]<UL><LI><a href="#[d9]">&gt;&gt;</a>&nbsp;&nbsp;&nbsp;skip_whitespaces
</UL>
<BR>[Called By]<UL><LI><a href="#[ec]">&gt;&gt;</a>&nbsp;&nbsp;&nbsp;parse_array
<LI><a href="#[ea]">&gt;&gt;</a>&nbsp;&nbsp;&nbsp;parse_value
<LI><a href="#[eb]">&gt;&gt;</a>&nbsp;&nbsp;&nbsp;parse_object
<LI><a href="#[e8]">&gt;&gt;</a>&nbsp;&nbsp;&nbsp;parse_key
<LI><a href="#[e6]">&gt;&gt;</a>&nbsp;&nbsp;&nbsp;parse_number
<LI><a href="#[e0]">&gt;&gt;</a>&nbsp;&nbsp;&nbsp;parse_identifier
<LI><a href="#[dc]">&gt;&gt;</a>&nbsp;&nbsp;&nbsp;test_and_skip
</UL>

<P><STRONG><a name="[dc]"></a>test_and_skip</STRONG> (Thumb, 44 bytes, Stack size 16 bytes, frozen.o(.text))
<BR><BR>[Stack]<UL><LI>Max Depth = 32<LI>Call Chain = test_and_skip &rArr; cur &rArr; skip_whitespaces
</UL>
<BR>[Calls]<UL><LI><a href="#[db]">&gt;&gt;</a>&nbsp;&nbsp;&nbsp;cur
</UL>
<BR>[Called By]<UL><LI><a href="#[ec]">&gt;&gt;</a>&nbsp;&nbsp;&nbsp;parse_array
<LI><a href="#[eb]">&gt;&gt;</a>&nbsp;&nbsp;&nbsp;parse_object
<LI><a href="#[e9]">&gt;&gt;</a>&nbsp;&nbsp;&nbsp;parse_pair
<LI><a href="#[e3]">&gt;&gt;</a>&nbsp;&nbsp;&nbsp;parse_string
</UL>

<P><STRONG><a name="[e1]"></a>is_alpha</STRONG> (Thumb, 26 bytes, Stack size 0 bytes, frozen.o(.text))
<BR><BR>[Called By]<UL><LI><a href="#[105]">&gt;&gt;</a>&nbsp;&nbsp;&nbsp;json_vscanf
<LI><a href="#[f7]">&gt;&gt;</a>&nbsp;&nbsp;&nbsp;json_vprintf
<LI><a href="#[e8]">&gt;&gt;</a>&nbsp;&nbsp;&nbsp;parse_key
<LI><a href="#[e0]">&gt;&gt;</a>&nbsp;&nbsp;&nbsp;parse_identifier
</UL>

<P><STRONG><a name="[de]"></a>is_digit</STRONG> (Thumb, 18 bytes, Stack size 0 bytes, frozen.o(.text))
<BR><BR>[Called By]<UL><LI><a href="#[f7]">&gt;&gt;</a>&nbsp;&nbsp;&nbsp;json_vprintf
<LI><a href="#[e6]">&gt;&gt;</a>&nbsp;&nbsp;&nbsp;parse_number
<LI><a href="#[e0]">&gt;&gt;</a>&nbsp;&nbsp;&nbsp;parse_identifier
<LI><a href="#[dd]">&gt;&gt;</a>&nbsp;&nbsp;&nbsp;is_hex_digit
</UL>

<P><STRONG><a name="[dd]"></a>is_hex_digit</STRONG> (Thumb, 36 bytes, Stack size 8 bytes, frozen.o(.text))
<BR><BR>[Stack]<UL><LI>Max Depth = 8<LI>Call Chain = is_hex_digit
</UL>
<BR>[Calls]<UL><LI><a href="#[de]">&gt;&gt;</a>&nbsp;&nbsp;&nbsp;is_digit
</UL>
<BR>[Called By]<UL><LI><a href="#[df]">&gt;&gt;</a>&nbsp;&nbsp;&nbsp;get_escape_len
</UL>

<P><STRONG><a name="[df]"></a>get_escape_len</STRONG> (Thumb, 134 bytes, Stack size 16 bytes, frozen.o(.text))
<BR><BR>[Stack]<UL><LI>Max Depth = 24<LI>Call Chain = get_escape_len &rArr; is_hex_digit
</UL>
<BR>[Calls]<UL><LI><a href="#[dd]">&gt;&gt;</a>&nbsp;&nbsp;&nbsp;is_hex_digit
</UL>
<BR>[Called By]<UL><LI><a href="#[e3]">&gt;&gt;</a>&nbsp;&nbsp;&nbsp;parse_string
</UL>

<P><STRONG><a name="[e0]"></a>parse_identifier</STRONG> (Thumb, 192 bytes, Stack size 40 bytes, frozen.o(.text))
<BR><BR>[Stack]<UL><LI>Max Depth = 64<LI>Call Chain = parse_identifier &rArr; append_to_path
</UL>
<BR>[Calls]<UL><LI><a href="#[de]">&gt;&gt;</a>&nbsp;&nbsp;&nbsp;is_digit
<LI><a href="#[e1]">&gt;&gt;</a>&nbsp;&nbsp;&nbsp;is_alpha
<LI><a href="#[db]">&gt;&gt;</a>&nbsp;&nbsp;&nbsp;cur
<LI><a href="#[e2]">&gt;&gt;</a>&nbsp;&nbsp;&nbsp;truncate_path
<LI><a href="#[d7]">&gt;&gt;</a>&nbsp;&nbsp;&nbsp;append_to_path
</UL>
<BR>[Called By]<UL><LI><a href="#[e8]">&gt;&gt;</a>&nbsp;&nbsp;&nbsp;parse_key
</UL>

<P><STRONG><a name="[e4]"></a>get_utf8_char_len</STRONG> (Thumb, 36 bytes, Stack size 0 bytes, frozen.o(.text))
<BR><BR>[Called By]<UL><LI><a href="#[105]">&gt;&gt;</a>&nbsp;&nbsp;&nbsp;json_vscanf
<LI><a href="#[ee]">&gt;&gt;</a>&nbsp;&nbsp;&nbsp;json_escape
<LI><a href="#[e3]">&gt;&gt;</a>&nbsp;&nbsp;&nbsp;parse_string
</UL>

<P><STRONG><a name="[e3]"></a>parse_string</STRONG> (Thumb, 284 bytes, Stack size 48 bytes, frozen.o(.text))
<BR><BR>[Stack]<UL><LI>Max Depth = 80<LI>Call Chain = parse_string &rArr; test_and_skip &rArr; cur &rArr; skip_whitespaces
</UL>
<BR>[Calls]<UL><LI><a href="#[e4]">&gt;&gt;</a>&nbsp;&nbsp;&nbsp;get_utf8_char_len
<LI><a href="#[df]">&gt;&gt;</a>&nbsp;&nbsp;&nbsp;get_escape_len
<LI><a href="#[dc]">&gt;&gt;</a>&nbsp;&nbsp;&nbsp;test_and_skip
<LI><a href="#[e5]">&gt;&gt;</a>&nbsp;&nbsp;&nbsp;left
<LI><a href="#[e2]">&gt;&gt;</a>&nbsp;&nbsp;&nbsp;truncate_path
<LI><a href="#[d7]">&gt;&gt;</a>&nbsp;&nbsp;&nbsp;append_to_path
</UL>
<BR>[Called By]<UL><LI><a href="#[ea]">&gt;&gt;</a>&nbsp;&nbsp;&nbsp;parse_value
<LI><a href="#[e8]">&gt;&gt;</a>&nbsp;&nbsp;&nbsp;parse_key
</UL>

<P><STRONG><a name="[e6]"></a>parse_number</STRONG> (Thumb, 430 bytes, Stack size 40 bytes, frozen.o(.text))
<BR><BR>[Stack]<UL><LI>Max Depth = 64<LI>Call Chain = parse_number &rArr; append_to_path
</UL>
<BR>[Calls]<UL><LI><a href="#[de]">&gt;&gt;</a>&nbsp;&nbsp;&nbsp;is_digit
<LI><a href="#[db]">&gt;&gt;</a>&nbsp;&nbsp;&nbsp;cur
<LI><a href="#[e2]">&gt;&gt;</a>&nbsp;&nbsp;&nbsp;truncate_path
<LI><a href="#[d7]">&gt;&gt;</a>&nbsp;&nbsp;&nbsp;append_to_path
</UL>
<BR>[Called By]<UL><LI><a href="#[ea]">&gt;&gt;</a>&nbsp;&nbsp;&nbsp;parse_value
</UL>

<P><STRONG><a name="[e7]"></a>expect</STRONG> (Thumb, 188 bytes, Stack size 56 bytes, frozen.o(.text))
<BR><BR>[Stack]<UL><LI>Max Depth = 80<LI>Call Chain = expect &rArr; append_to_path
</UL>
<BR>[Calls]<UL><LI><a href="#[e5]">&gt;&gt;</a>&nbsp;&nbsp;&nbsp;left
<LI><a href="#[e2]">&gt;&gt;</a>&nbsp;&nbsp;&nbsp;truncate_path
<LI><a href="#[d7]">&gt;&gt;</a>&nbsp;&nbsp;&nbsp;append_to_path
</UL>
<BR>[Called By]<UL><LI><a href="#[ea]">&gt;&gt;</a>&nbsp;&nbsp;&nbsp;parse_value
</UL>

<P><STRONG><a name="[e8]"></a>parse_key</STRONG> (Thumb, 84 bytes, Stack size 16 bytes, frozen.o(.text))
<BR><BR>[Stack]<UL><LI>Max Depth = 96<LI>Call Chain = parse_key &rArr; parse_string &rArr; test_and_skip &rArr; cur &rArr; skip_whitespaces
</UL>
<BR>[Calls]<UL><LI><a href="#[e3]">&gt;&gt;</a>&nbsp;&nbsp;&nbsp;parse_string
<LI><a href="#[e0]">&gt;&gt;</a>&nbsp;&nbsp;&nbsp;parse_identifier
<LI><a href="#[e1]">&gt;&gt;</a>&nbsp;&nbsp;&nbsp;is_alpha
<LI><a href="#[db]">&gt;&gt;</a>&nbsp;&nbsp;&nbsp;cur
</UL>
<BR>[Called By]<UL><LI><a href="#[e9]">&gt;&gt;</a>&nbsp;&nbsp;&nbsp;parse_pair
</UL>

<P><STRONG><a name="[e9]"></a>parse_pair</STRONG> (Thumb, 136 bytes, Stack size 24 bytes, frozen.o(.text))
<BR><BR>[Stack]<UL><LI>Max Depth = 120 + In Cycle
<LI>Call Chain = parse_pair &rArr;  parse_value (Cycle)
</UL>
<BR>[Calls]<UL><LI><a href="#[ea]">&gt;&gt;</a>&nbsp;&nbsp;&nbsp;parse_value
<LI><a href="#[e8]">&gt;&gt;</a>&nbsp;&nbsp;&nbsp;parse_key
<LI><a href="#[dc]">&gt;&gt;</a>&nbsp;&nbsp;&nbsp;test_and_skip
<LI><a href="#[d9]">&gt;&gt;</a>&nbsp;&nbsp;&nbsp;skip_whitespaces
<LI><a href="#[e2]">&gt;&gt;</a>&nbsp;&nbsp;&nbsp;truncate_path
<LI><a href="#[d7]">&gt;&gt;</a>&nbsp;&nbsp;&nbsp;append_to_path
</UL>
<BR>[Called By]<UL><LI><a href="#[eb]">&gt;&gt;</a>&nbsp;&nbsp;&nbsp;parse_object
</UL>

<P><STRONG><a name="[eb]"></a>parse_object</STRONG> (Thumb, 296 bytes, Stack size 40 bytes, frozen.o(.text))
<BR><BR>[Stack]<UL><LI>Max Depth = 160<LI>Call Chain = parse_object &rArr; parse_pair &rArr;  parse_value (Cycle)
</UL>
<BR>[Calls]<UL><LI><a href="#[e9]">&gt;&gt;</a>&nbsp;&nbsp;&nbsp;parse_pair
<LI><a href="#[dc]">&gt;&gt;</a>&nbsp;&nbsp;&nbsp;test_and_skip
<LI><a href="#[db]">&gt;&gt;</a>&nbsp;&nbsp;&nbsp;cur
<LI><a href="#[e2]">&gt;&gt;</a>&nbsp;&nbsp;&nbsp;truncate_path
<LI><a href="#[d7]">&gt;&gt;</a>&nbsp;&nbsp;&nbsp;append_to_path
</UL>
<BR>[Called By]<UL><LI><a href="#[ea]">&gt;&gt;</a>&nbsp;&nbsp;&nbsp;parse_value
</UL>

<P><STRONG><a name="[ea]"></a>parse_value</STRONG> (Thumb, 318 bytes, Stack size 16 bytes, frozen.o(.text))
<BR><BR>[Stack]<UL><LI>Max Depth = 224 + Unknown Stack Size
<LI>Call Chain = parse_value &rArr; parse_array &rArr;  parse_value (Cycle)
</UL>
<BR>[Calls]<UL><LI><a href="#[ec]">&gt;&gt;</a>&nbsp;&nbsp;&nbsp;parse_array
<LI><a href="#[eb]">&gt;&gt;</a>&nbsp;&nbsp;&nbsp;parse_object
<LI><a href="#[e7]">&gt;&gt;</a>&nbsp;&nbsp;&nbsp;expect
<LI><a href="#[e6]">&gt;&gt;</a>&nbsp;&nbsp;&nbsp;parse_number
<LI><a href="#[e3]">&gt;&gt;</a>&nbsp;&nbsp;&nbsp;parse_string
<LI><a href="#[db]">&gt;&gt;</a>&nbsp;&nbsp;&nbsp;cur
</UL>
<BR>[Called By]<UL><LI><a href="#[ed]">&gt;&gt;</a>&nbsp;&nbsp;&nbsp;doit
<LI><a href="#[ec]">&gt;&gt;</a>&nbsp;&nbsp;&nbsp;parse_array
<LI><a href="#[e9]">&gt;&gt;</a>&nbsp;&nbsp;&nbsp;parse_pair
</UL>

<P><STRONG><a name="[ec]"></a>parse_array</STRONG> (Thumb, 366 bytes, Stack size 64 bytes, frozen.o(.text))
<BR><BR>[Stack]<UL><LI>Max Depth = 208 + Unknown Stack Size
 + In Cycle
<LI>Call Chain = parse_array &rArr;  parse_value (Cycle)
</UL>
<BR>[Calls]<UL><LI><a href="#[ea]">&gt;&gt;</a>&nbsp;&nbsp;&nbsp;parse_value
<LI><a href="#[dc]">&gt;&gt;</a>&nbsp;&nbsp;&nbsp;test_and_skip
<LI><a href="#[db]">&gt;&gt;</a>&nbsp;&nbsp;&nbsp;cur
<LI><a href="#[e2]">&gt;&gt;</a>&nbsp;&nbsp;&nbsp;truncate_path
<LI><a href="#[d7]">&gt;&gt;</a>&nbsp;&nbsp;&nbsp;append_to_path
<LI><a href="#[cb]">&gt;&gt;</a>&nbsp;&nbsp;&nbsp;strlen
<LI><a href="#[aa]">&gt;&gt;</a>&nbsp;&nbsp;&nbsp;__2snprintf
</UL>
<BR>[Called By]<UL><LI><a href="#[ea]">&gt;&gt;</a>&nbsp;&nbsp;&nbsp;parse_value
</UL>

<P><STRONG><a name="[ed]"></a>doit</STRONG> (Thumb, 86 bytes, Stack size 8 bytes, frozen.o(.text))
<BR><BR>[Stack]<UL><LI>Max Depth = 232 + Unknown Stack Size
<LI>Call Chain = doit &rArr; parse_value &rArr; parse_array &rArr;  parse_value (Cycle)
</UL>
<BR>[Calls]<UL><LI><a href="#[ea]">&gt;&gt;</a>&nbsp;&nbsp;&nbsp;parse_value
</UL>
<BR>[Called By]<UL><LI><a href="#[100]">&gt;&gt;</a>&nbsp;&nbsp;&nbsp;json_walk
</UL>

<P><STRONG><a name="[f4]"></a>b64idx</STRONG> (Thumb, 42 bytes, Stack size 0 bytes, frozen.o(.text), UNUSED)
<BR><BR>[Called By]<UL><LI><a href="#[f3]">&gt;&gt;</a>&nbsp;&nbsp;&nbsp;b64enc
</UL>

<P><STRONG><a name="[f6]"></a>b64rev</STRONG> (Thumb, 62 bytes, Stack size 0 bytes, frozen.o(.text))
<BR><BR>[Called By]<UL><LI><a href="#[f5]">&gt;&gt;</a>&nbsp;&nbsp;&nbsp;b64dec
</UL>

<P><STRONG><a name="[f1]"></a>hexdec</STRONG> (Thumb, 64 bytes, Stack size 16 bytes, frozen.o(.text))
<BR><BR>[Stack]<UL><LI>Max Depth = 32<LI>Call Chain = hexdec &rArr; tolower &rArr; __rt_ctype_table
</UL>
<BR>[Calls]<UL><LI><a href="#[f2]">&gt;&gt;</a>&nbsp;&nbsp;&nbsp;tolower
</UL>
<BR>[Called By]<UL><LI><a href="#[42]">&gt;&gt;</a>&nbsp;&nbsp;&nbsp;json_scanf_cb
</UL>

<P><STRONG><a name="[f3]"></a>b64enc</STRONG> (Thumb, 166 bytes, Stack size 40 bytes, frozen.o(.text), UNUSED)
<BR><BR>[Calls]<UL><LI><a href="#[f4]">&gt;&gt;</a>&nbsp;&nbsp;&nbsp;b64idx
</UL>
<BR>[Called By]<UL><LI><a href="#[f7]">&gt;&gt;</a>&nbsp;&nbsp;&nbsp;json_vprintf
</UL>

<P><STRONG><a name="[f5]"></a>b64dec</STRONG> (Thumb, 124 bytes, Stack size 40 bytes, frozen.o(.text))
<BR><BR>[Stack]<UL><LI>Max Depth = 40<LI>Call Chain = b64dec
</UL>
<BR>[Calls]<UL><LI><a href="#[f6]">&gt;&gt;</a>&nbsp;&nbsp;&nbsp;b64rev
</UL>
<BR>[Called By]<UL><LI><a href="#[42]">&gt;&gt;</a>&nbsp;&nbsp;&nbsp;json_scanf_cb
</UL>

<P><STRONG><a name="[41]"></a>json_scanf_array_elem_cb</STRONG> (Thumb, 40 bytes, Stack size 32 bytes, frozen.o(.text))
<BR><BR>[Stack]<UL><LI>Max Depth = 32<LI>Call Chain = json_scanf_array_elem_cb
</UL>
<BR>[Calls]<UL><LI><a href="#[fd]">&gt;&gt;</a>&nbsp;&nbsp;&nbsp;strcmp
</UL>
<BR>[Address Reference Count : 1]<UL><LI> frozen.o(.text)
</UL>
<P><STRONG><a name="[42]"></a>json_scanf_cb</STRONG> (Thumb, 422 bytes, Stack size 72 bytes, frozen.o(.text))
<BR><BR>[Stack]<UL><LI>Max Depth = 580 + Unknown Stack Size
<LI>Call Chain = json_scanf_cb &rArr; sscanf &rArr; __vfscanf_char &rArr; __vfscanf &rArr; _scanf_real &rArr; _scanf_really_real &rArr; _fp_value &rArr; _btod_etento &rArr; _btod_emul &rArr; _e2e
</UL>
<BR>[Calls]<UL><LI><a href="#[102]">&gt;&gt;</a>&nbsp;&nbsp;&nbsp;json_unescape
<LI><a href="#[f5]">&gt;&gt;</a>&nbsp;&nbsp;&nbsp;b64dec
<LI><a href="#[f1]">&gt;&gt;</a>&nbsp;&nbsp;&nbsp;hexdec
<LI><a href="#[fd]">&gt;&gt;</a>&nbsp;&nbsp;&nbsp;strcmp
<LI><a href="#[d8]">&gt;&gt;</a>&nbsp;&nbsp;&nbsp;__aeabi_memcpy
<LI><a href="#[103]">&gt;&gt;</a>&nbsp;&nbsp;&nbsp;abort
<LI><a href="#[104]">&gt;&gt;</a>&nbsp;&nbsp;&nbsp;sscanf
<LI><a href="#[fc]">&gt;&gt;</a>&nbsp;&nbsp;&nbsp;malloc
</UL>
<BR>[Address Reference Count : 1]<UL><LI> frozen.o(.text)
</UL>
<P><STRONG><a name="[10a]"></a>get_matched_prefix_len</STRONG> (Thumb, 28 bytes, Stack size 8 bytes, frozen.o(.text))
<BR><BR>[Stack]<UL><LI>Max Depth = 8<LI>Call Chain = get_matched_prefix_len
</UL>
<BR>[Called By]<UL><LI><a href="#[43]">&gt;&gt;</a>&nbsp;&nbsp;&nbsp;json_vsetf_cb
</UL>

<P><STRONG><a name="[43]"></a>json_vsetf_cb</STRONG> (Thumb, 156 bytes, Stack size 40 bytes, frozen.o(.text))
<BR><BR>[Stack]<UL><LI>Max Depth = 48<LI>Call Chain = json_vsetf_cb &rArr; get_matched_prefix_len
</UL>
<BR>[Calls]<UL><LI><a href="#[10a]">&gt;&gt;</a>&nbsp;&nbsp;&nbsp;get_matched_prefix_len
<LI><a href="#[fd]">&gt;&gt;</a>&nbsp;&nbsp;&nbsp;strcmp
</UL>
<BR>[Address Reference Count : 1]<UL><LI> frozen.o(.text)
</UL>
<P><STRONG><a name="[10e]"></a>indent</STRONG> (Thumb, 28 bytes, Stack size 16 bytes, frozen.o(.text))
<BR><BR>[Stack]<UL><LI>Max Depth = 16<LI>Call Chain = indent
</UL>
<BR>[Called By]<UL><LI><a href="#[44]">&gt;&gt;</a>&nbsp;&nbsp;&nbsp;prettify_cb
<LI><a href="#[10d]">&gt;&gt;</a>&nbsp;&nbsp;&nbsp;print_key
</UL>

<P><STRONG><a name="[10d]"></a>print_key</STRONG> (Thumb, 126 bytes, Stack size 24 bytes, frozen.o(.text))
<BR><BR>[Stack]<UL><LI>Max Depth = 40<LI>Call Chain = print_key &rArr; indent
</UL>
<BR>[Calls]<UL><LI><a href="#[10e]">&gt;&gt;</a>&nbsp;&nbsp;&nbsp;indent
<LI><a href="#[cb]">&gt;&gt;</a>&nbsp;&nbsp;&nbsp;strlen
</UL>
<BR>[Called By]<UL><LI><a href="#[44]">&gt;&gt;</a>&nbsp;&nbsp;&nbsp;prettify_cb
</UL>

<P><STRONG><a name="[44]"></a>prettify_cb</STRONG> (Thumb, 308 bytes, Stack size 32 bytes, frozen.o(.text))
<BR><BR>[Stack]<UL><LI>Max Depth = 72<LI>Call Chain = prettify_cb &rArr; print_key &rArr; indent
</UL>
<BR>[Calls]<UL><LI><a href="#[10d]">&gt;&gt;</a>&nbsp;&nbsp;&nbsp;print_key
<LI><a href="#[10e]">&gt;&gt;</a>&nbsp;&nbsp;&nbsp;indent
</UL>
<BR>[Address Reference Count : 1]<UL><LI> frozen.o(.text)
</UL>
<P><STRONG><a name="[110]"></a>next_set_key</STRONG> (Thumb, 72 bytes, Stack size 24 bytes, frozen.o(.text))
<BR><BR>[Stack]<UL><LI>Max Depth = 112<LI>Call Chain = next_set_key &rArr; atoi &rArr; strtol &rArr; _strtoul
</UL>
<BR>[Calls]<UL><LI><a href="#[d2]">&gt;&gt;</a>&nbsp;&nbsp;&nbsp;atoi
</UL>
<BR>[Called By]<UL><LI><a href="#[45]">&gt;&gt;</a>&nbsp;&nbsp;&nbsp;next_cb
</UL>

<P><STRONG><a name="[45]"></a>next_cb</STRONG> (Thumb, 200 bytes, Stack size 32 bytes, frozen.o(.text))
<BR><BR>[Stack]<UL><LI>Max Depth = 144<LI>Call Chain = next_cb &rArr; next_set_key &rArr; atoi &rArr; strtol &rArr; _strtoul
</UL>
<BR>[Calls]<UL><LI><a href="#[110]">&gt;&gt;</a>&nbsp;&nbsp;&nbsp;next_set_key
<LI><a href="#[b1]">&gt;&gt;</a>&nbsp;&nbsp;&nbsp;strncmp
<LI><a href="#[cb]">&gt;&gt;</a>&nbsp;&nbsp;&nbsp;strlen
<LI><a href="#[f8]">&gt;&gt;</a>&nbsp;&nbsp;&nbsp;strchr
</UL>
<BR>[Address Reference Count : 1]<UL><LI> frozen.o(.text)
</UL>
<P><STRONG><a name="[111]"></a>json_next</STRONG> (Thumb, 112 bytes, Stack size 112 bytes, frozen.o(.text), UNUSED)
<BR><BR>[Calls]<UL><LI><a href="#[100]">&gt;&gt;</a>&nbsp;&nbsp;&nbsp;json_walk
<LI><a href="#[9f]">&gt;&gt;</a>&nbsp;&nbsp;&nbsp;__aeabi_memclr4
<LI><a href="#[cb]">&gt;&gt;</a>&nbsp;&nbsp;&nbsp;strlen
</UL>
<BR>[Called By]<UL><LI><a href="#[113]">&gt;&gt;</a>&nbsp;&nbsp;&nbsp;json_next_elem
<LI><a href="#[112]">&gt;&gt;</a>&nbsp;&nbsp;&nbsp;json_next_key
</UL>

<P><STRONG><a name="[12a]"></a>MQTTPacket_decodenb</STRONG> (Thumb, 104 bytes, Stack size 24 bytes, mqttpacket.o(.text), UNUSED)
<BR><BR>[Called By]<UL><LI><a href="#[129]">&gt;&gt;</a>&nbsp;&nbsp;&nbsp;MQTTPacket_readnb
</UL>

<P><STRONG><a name="[142]"></a>TI4_Config</STRONG> (Thumb, 130 bytes, Stack size 20 bytes, stm32f10x_tim.o(.text), UNUSED)
<BR><BR>[Called By]<UL><LI><a href="#[13b]">&gt;&gt;</a>&nbsp;&nbsp;&nbsp;TIM_ICInit
</UL>

<P><STRONG><a name="[140]"></a>TI3_Config</STRONG> (Thumb, 122 bytes, Stack size 20 bytes, stm32f10x_tim.o(.text), UNUSED)
<BR><BR>[Called By]<UL><LI><a href="#[13b]">&gt;&gt;</a>&nbsp;&nbsp;&nbsp;TIM_ICInit
</UL>

<P><STRONG><a name="[13e]"></a>TI2_Config</STRONG> (Thumb, 130 bytes, Stack size 20 bytes, stm32f10x_tim.o(.text), UNUSED)
<BR><BR>[Called By]<UL><LI><a href="#[147]">&gt;&gt;</a>&nbsp;&nbsp;&nbsp;TIM_TIxExternalClockConfig
<LI><a href="#[144]">&gt;&gt;</a>&nbsp;&nbsp;&nbsp;TIM_PWMIConfig
<LI><a href="#[13b]">&gt;&gt;</a>&nbsp;&nbsp;&nbsp;TIM_ICInit
</UL>

<P><STRONG><a name="[13c]"></a>TI1_Config</STRONG> (Thumb, 108 bytes, Stack size 20 bytes, stm32f10x_tim.o(.text), UNUSED)
<BR><BR>[Called By]<UL><LI><a href="#[147]">&gt;&gt;</a>&nbsp;&nbsp;&nbsp;TIM_TIxExternalClockConfig
<LI><a href="#[144]">&gt;&gt;</a>&nbsp;&nbsp;&nbsp;TIM_PWMIConfig
<LI><a href="#[13b]">&gt;&gt;</a>&nbsp;&nbsp;&nbsp;TIM_ICInit
</UL>

<P><STRONG><a name="[167]"></a>_fp_digits</STRONG> (Thumb, 432 bytes, Stack size 96 bytes, _printf_fp_dec.o(.text))
<BR><BR>[Stack]<UL><LI>Max Depth = 220<LI>Call Chain = _fp_digits &rArr; _btod_etento &rArr; _btod_emul &rArr; _e2e
</UL>
<BR>[Calls]<UL><LI><a href="#[16b]">&gt;&gt;</a>&nbsp;&nbsp;&nbsp;_btod_emul
<LI><a href="#[16a]">&gt;&gt;</a>&nbsp;&nbsp;&nbsp;_btod_ediv
<LI><a href="#[169]">&gt;&gt;</a>&nbsp;&nbsp;&nbsp;_btod_d2e
<LI><a href="#[168]">&gt;&gt;</a>&nbsp;&nbsp;&nbsp;_btod_etento
<LI><a href="#[155]">&gt;&gt;</a>&nbsp;&nbsp;&nbsp;_ll_udiv10
</UL>
<BR>[Called By]<UL><LI><a href="#[16c]">&gt;&gt;</a>&nbsp;&nbsp;&nbsp;_printf_fp_dec_real
</UL>

<P><STRONG><a name="[4d]"></a>_printf_input_char</STRONG> (Thumb, 10 bytes, Stack size 0 bytes, _printf_char_common.o(.text))
<BR>[Address Reference Count : 1]<UL><LI> _printf_char_common.o(.text)
</UL>
<P><STRONG><a name="[4f]"></a>_scanf_char_input</STRONG> (Thumb, 12 bytes, Stack size 0 bytes, scanf_char.o(.text))
<BR>[Address Reference Count : 1]<UL><LI> scanf_char.o(.text)
</UL>
<P><STRONG><a name="[183]"></a>_fp_value</STRONG> (Thumb, 588 bytes, Stack size 96 bytes, scanf_fp.o(.text))
<BR><BR>[Stack]<UL><LI>Max Depth = 220<LI>Call Chain = _fp_value &rArr; _btod_etento &rArr; _btod_emul &rArr; _e2e
</UL>
<BR>[Calls]<UL><LI><a href="#[15e]">&gt;&gt;</a>&nbsp;&nbsp;&nbsp;__aeabi_errno_addr
<LI><a href="#[3]">&gt;&gt;</a>&nbsp;&nbsp;&nbsp;__ieee_status
<LI><a href="#[184]">&gt;&gt;</a>&nbsp;&nbsp;&nbsp;_btod_emuld
<LI><a href="#[185]">&gt;&gt;</a>&nbsp;&nbsp;&nbsp;_btod_edivd
<LI><a href="#[168]">&gt;&gt;</a>&nbsp;&nbsp;&nbsp;_btod_etento
</UL>
<BR>[Called By]<UL><LI><a href="#[186]">&gt;&gt;</a>&nbsp;&nbsp;&nbsp;_scanf_really_real
</UL>
<P>
<H3>
Undefined Global Symbols
</H3><HR></body></html>
