<html>
<body>
<pre>
<h1>µVision Build Log</h1>
<h2>Tool Versions:</h2>
IDE-Version: ¦ÌVision V5.25.2.0
Copyright (C) 2018 ARM Ltd and ARM Germany GmbH. All rights reserved.
License Information: w w, w, LIC=JL28T-RV01T-SBIEJ-U7XDS-DYAS8-I8VFS
 
Tool Versions:
Toolchain:       MDK-ARM Plus  Version: 5.25.2.0
Toolchain Path:  C:\Keil\ARM\ARMCC\Bin
C Compiler:      Armcc.exe V5.06 update 6 (build 750)
Assembler:       Armasm.exe V5.06 update 6 (build 750)
Linker/Locator:  ArmLink.exe V5.06 update 6 (build 750)
Library Manager: ArmAr.exe V5.06 update 6 (build 750)
Hex Converter:   FromElf.exe V5.06 update 6 (build 750)
CPU DLL:         SARMCM3.DLL V5.25.2.0
Dialog DLL:      DARMSTM.DLL V1.68.0.0
Target DLL:      STLink\ST-LINKIII-KEIL_SWO.dll V3.0.1.0
Dialog DLL:      TARMSTM.DLL V1.66.0.0
 
<h2>Project:</h2>
D:\github\mqtt-relay-sdk-v2\mqtt-relay-sdk\USER\mqtt-relay.uvprojx
Project File Date:  03/04/2020

<h2>Output:</h2>
*** Using Compiler 'V5.06 update 6 (build 750)', folder: 'C:\Keil\ARM\ARMCC\Bin'
Rebuild target 'sim800c-mqtt'
assembling startup_stm32f10x_md.s...
compiling MQTTUnsubscribeServer.c...
compiling md5.c...
..\SYSTEM\sys\md5.c(37): warning:  #1295-D: Deprecated declaration Transform - give arg types
  static void Transform ();
..\SYSTEM\sys\md5.c: 1 warning, 0 errors
compiling MQTTSubscribeServer.c...
compiling stm32f10x_it.c...
compiling MQTTConnectServer.c...
compiling MQTTFormat.c...
compiling usart.c...
..\HARDWARE\usart\usart.c(105): warning:  #1294-D: Old-style function itoa
  itoa(n, base)
..\HARDWARE\usart\usart.c(113): warning:  #2548-D: multicharacter character literal (potential portability problem)
  	*--p = '/0';
..\HARDWARE\usart\usart.c(113): warning:  #69-D: integer conversion resulted in truncation
  	*--p = '/0';
..\HARDWARE\usart\usart.c(171): warning:  #180-D: argument is incompatible with formal parameter
  				itoa(d, buf, 10);
..\HARDWARE\usart\usart.c(171): warning:  #140-D: too many arguments in function call
  				itoa(d, buf, 10);
..\HARDWARE\usart\usart.c: 5 warnings, 0 errors
compiling parameter.c...
compiling MQTTDeserializePublish.c...
compiling MQTTUnsubscribeClient.c...
compiling MQTTSubscribeClient.c...
compiling MQTTSerializePublish.c...
compiling MQTTConnectClient.c...
compiling frozen.c...
compiling MQTTPacket.c...
compiling core_cm3.c...
compiling system_stm32f10x.c...
compiling main.c...
compiling relay.c...
..\HARDWARE\relay\relay.c(59): warning:  #1-D: last line of file ends without a newline
  #endif
..\HARDWARE\relay\relay.c: 1 warning, 0 errors
compiling stm32f10x_exti.c...
compiling stm32f10x_gpio.c...
compiling stm32f10x_tim.c...
compiling timer.c...
compiling system.c...
compiling timer_task.c...
compiling mqtt-user.c...
compiling misc.c...
compiling stm32f10x_rcc.c...
compiling stm32f10x_usart.c...
compiling stm32f10x_flash.c...
compiling sim900a.c...
..\HARDWARE\sim900a\sim900a.c(284): warning:  #177-D: variable "https"  was declared but never referenced
  	bool https = false;
..\HARDWARE\sim900a\sim900a.c(382): warning:  #177-D: variable "ret"  was declared but never referenced
  	int ret = -1;
..\HARDWARE\sim900a\sim900a.c(384): warning:  #177-D: variable "delayToDownload"  was declared but never referenced
  	unsigned int delayToDownload = 10000;
..\HARDWARE\sim900a\sim900a.c: 3 warnings, 0 errors
compiling sys.c...
linking...
Program Size: Code=39956 RO-data=1076 RW-data=508 ZI-data=13580  
FromELF: creating hex file...
"..\OBJ\sim800c-mqtt.axf" - 0 Error(s), 10 Warning(s).

<h2>Software Packages used:</h2>

Package Vendor: Keil
                http://www.keil.com/pack/Keil.STM32F1xx_DFP.2.2.0.pack
                Keil.STM32F1xx_DFP.2.2.0
                STMicroelectronics STM32F1 Series Device Support, Drivers and Examples

<h2>Collection of Component include folders:</h2>
  .\RTE\_sim800c-mqtt
  C:\Keil\ARM\PACK\Keil\STM32F1xx_DFP\2.2.0\Device\Include

<h2>Collection of Component Files used:</h2>
Build Time Elapsed:  00:00:09
</pre>
</body>
</html>
